16:58:15 **** Build of project gpio_interrupt_bsp ****
make -k all 
"Running Make include in ps7_cortexa9_0/libsrc/coresightps_dcc_v1_4/src"
D:/Xilinx/SDK/2018.3/gnuwin/bin/make -C ps7_cortexa9_0/libsrc/coresightps_dcc_v1_4/src -s include  "SHELL=CMD" "COMPILER=arm-none-eabi-gcc" "ARCHIVER=arm-none-eabi-ar" "COMPILER_FLAGS=  -O2 -c" "EXTRA_COMPILER_FLAGS=-mcpu=cortex-a9 -mfpu=vfpv3 -mfloat-abi=hard -nostartfiles -g -Wall -Wextra"
"Running Make include in ps7_cortexa9_0/libsrc/cpu_cortexa9_v2_7/src"
D:/Xilinx/SDK/2018.3/gnuwin/bin/make -C ps7_cortexa9_0/libsrc/cpu_cortexa9_v2_7/src -s include  "SHELL=CMD" "COMPILER=arm-none-eabi-gcc" "ARCHIVER=arm-none-eabi-ar" "COMPILER_FLAGS=  -O2 -c" "EXTRA_COMPILER_FLAGS=-mcpu=cortex-a9 -mfpu=vfpv3 -mfloat-abi=hard -nostartfiles -g -Wall -Wextra"
"Running Make include in ps7_cortexa9_0/libsrc/ddrps_v1_0/src"
D:/Xilinx/SDK/2018.3/gnuwin/bin/make -C ps7_cortexa9_0/libsrc/ddrps_v1_0/src -s include  "SHELL=CMD" "COMPILER=arm-none-eabi-gcc" "ARCHIVER=arm-none-eabi-ar" "COMPILER_FLAGS=  -O2 -c" "EXTRA_COMPILER_FLAGS=-mcpu=cortex-a9 -mfpu=vfpv3 -mfloat-abi=hard -nostartfiles -g -Wall -Wextra"
"Running Make include in ps7_cortexa9_0/libsrc/devcfg_v3_5/src"
D:/Xilinx/SDK/2018.3/gnuwin/bin/make -C ps7_cortexa9_0/libsrc/devcfg_v3_5/src -s include  "SHELL=CMD" "COMPILER=arm-none-eabi-gcc" "ARCHIVER=arm-none-eabi-ar" "COMPILER_FLAGS=  -O2 -c" "EXTRA_COMPILER_FLAGS=-mcpu=cortex-a9 -mfpu=vfpv3 -mfloat-abi=hard -nostartfiles -g -Wall -Wextra"
"Running Make include in ps7_cortexa9_0/libsrc/dmaps_v2_4/src"
D:/Xilinx/SDK/2018.3/gnuwin/bin/make -C ps7_cortexa9_0/libsrc/dmaps_v2_4/src -s include  "SHELL=CMD" "COMPILER=arm-none-eabi-gcc" "ARCHIVER=arm-none-eabi-ar" "COMPILER_FLAGS=  -O2 -c" "EXTRA_COMPILER_FLAGS=-mcpu=cortex-a9 -mfpu=vfpv3 -mfloat-abi=hard -nostartfiles -g -Wall -Wextra"
"Running Make include in ps7_cortexa9_0/libsrc/gpiops_v3_4/src"
D:/Xilinx/SDK/2018.3/gnuwin/bin/make -C ps7_cortexa9_0/libsrc/gpiops_v3_4/src -s include  "SHELL=CMD" "COMPILER=arm-none-eabi-gcc" "ARCHIVER=arm-none-eabi-ar" "COMPILER_FLAGS=  -O2 -c" "EXTRA_COMPILER_FLAGS=-mcpu=cortex-a9 -mfpu=vfpv3 -mfloat-abi=hard -nostartfiles -g -Wall -Wextra"
"Running Make include in ps7_cortexa9_0/libsrc/scugic_v3_10/src"
D:/Xilinx/SDK/2018.3/gnuwin/bin/make -C ps7_cortexa9_0/libsrc/scugic_v3_10/src -s include  "SHELL=CMD" "COMPILER=arm-none-eabi-gcc" "ARCHIVER=arm-none-eabi-ar" "COMPILER_FLAGS=  -O2 -c" "EXTRA_COMPILER_FLAGS=-mcpu=cortex-a9 -mfpu=vfpv3 -mfloat-abi=hard -nostartfiles -g -Wall -Wextra"
"Running Make include in ps7_cortexa9_0/libsrc/scutimer_v2_1/src"
D:/Xilinx/SDK/2018.3/gnuwin/bin/make -C ps7_cortexa9_0/libsrc/scutimer_v2_1/src -s include  "SHELL=CMD" "COMPILER=arm-none-eabi-gcc" "ARCHIVER=arm-none-eabi-ar" "COMPILER_FLAGS=  -O2 -c" "EXTRA_COMPILER_FLAGS=-mcpu=cortex-a9 -mfpu=vfpv3 -mfloat-abi=hard -nostartfiles -g -Wall -Wextra"
"Running Make include in ps7_cortexa9_0/libsrc/scuwdt_v2_1/src"
D:/Xilinx/SDK/2018.3/gnuwin/bin/make -C ps7_cortexa9_0/libsrc/scuwdt_v2_1/src -s include  "SHELL=CMD" "COMPILER=arm-none-eabi-gcc" "ARCHIVER=arm-none-eabi-ar" "COMPILER_FLAGS=  -O2 -c" "EXTRA_COMPILER_FLAGS=-mcpu=cortex-a9 -mfpu=vfpv3 -mfloat-abi=hard -nostartfiles -g -Wall -Wextra"
"Running Make include in ps7_cortexa9_0/libsrc/standalone_v6_8/src"
D:/Xilinx/SDK/2018.3/gnuwin/bin/make -C ps7_cortexa9_0/libsrc/standalone_v6_8/src -s include  "SHELL=CMD" "COMPILER=arm-none-eabi-gcc" "ARCHIVER=arm-none-eabi-ar" "COMPILER_FLAGS=  -O2 -c" "EXTRA_COMPILER_FLAGS=-mcpu=cortex-a9 -mfpu=vfpv3 -mfloat-abi=hard -nostartfiles -g -Wall -Wextra"
"Running Make include in ps7_cortexa9_0/libsrc/uartps_v3_7/src"
D:/Xilinx/SDK/2018.3/gnuwin/bin/make -C ps7_cortexa9_0/libsrc/uartps_v3_7/src -s include  "SHELL=CMD" "COMPILER=arm-none-eabi-gcc" "ARCHIVER=arm-none-eabi-ar" "COMPILER_FLAGS=  -O2 -c" "EXTRA_COMPILER_FLAGS=-mcpu=cortex-a9 -mfpu=vfpv3 -mfloat-abi=hard -nostartfiles -g -Wall -Wextra"
"Running Make include in ps7_cortexa9_0/libsrc/xadcps_v2_3/src"
D:/Xilinx/SDK/2018.3/gnuwin/bin/make -C ps7_cortexa9_0/libsrc/xadcps_v2_3/src -s include  "SHELL=CMD" "COMPILER=arm-none-eabi-gcc" "ARCHIVER=arm-none-eabi-ar" "COMPILER_FLAGS=  -O2 -c" "EXTRA_COMPILER_FLAGS=-mcpu=cortex-a9 -mfpu=vfpv3 -mfloat-abi=hard -nostartfiles -g -Wall -Wextra"
"Running Make libs in ps7_cortexa9_0/libsrc/coresightps_dcc_v1_4/src"
D:/Xilinx/SDK/2018.3/gnuwin/bin/make -C ps7_cortexa9_0/libsrc/coresightps_dcc_v1_4/src -s libs  "SHELL=CMD" "COMPILER=arm-none-eabi-gcc" "ARCHIVER=arm-none-eabi-ar" "COMPILER_FLAGS=  -O2 -c" "EXTRA_COMPILER_FLAGS=-mcpu=cortex-a9 -mfpu=vfpv3 -mfloat-abi=hard -nostartfiles -g -Wall -Wextra"
"Compiling coresightps_dcc"
arm-none-eabi-ar: creating ../../../lib/libxil.a
"Running Make libs in ps7_cortexa9_0/libsrc/cpu_cortexa9_v2_7/src"
D:/Xilinx/SDK/2018.3/gnuwin/bin/make -C ps7_cortexa9_0/libsrc/cpu_cortexa9_v2_7/src -s libs  "SHELL=CMD" "COMPILER=arm-none-eabi-gcc" "ARCHIVER=arm-none-eabi-ar" "COMPILER_FLAGS=  -O2 -c" "EXTRA_COMPILER_FLAGS=-mcpu=cortex-a9 -mfpu=vfpv3 -mfloat-abi=hard -nostartfiles -g -Wall -Wextra"
"Compiling cpu_cortexa9"
"Running Make libs in ps7_cortexa9_0/libsrc/ddrps_v1_0/src"
D:/Xilinx/SDK/2018.3/gnuwin/bin/make -C ps7_cortexa9_0/libsrc/ddrps_v1_0/src -s libs  "SHELL=CMD" "COMPILER=arm-none-eabi-gcc" "ARCHIVER=arm-none-eabi-ar" "COMPILER_FLAGS=  -O2 -c" "EXTRA_COMPILER_FLAGS=-mcpu=cortex-a9 -mfpu=vfpv3 -mfloat-abi=hard -nostartfiles -g -Wall -Wextra"
"Compiling ddrps"
"Running Make libs in ps7_cortexa9_0/libsrc/devcfg_v3_5/src"
D:/Xilinx/SDK/2018.3/gnuwin/bin/make -C ps7_cortexa9_0/libsrc/devcfg_v3_5/src -s libs  "SHELL=CMD" "COMPILER=arm-none-eabi-gcc" "ARCHIVER=arm-none-eabi-ar" "COMPILER_FLAGS=  -O2 -c" "EXTRA_COMPILER_FLAGS=-mcpu=cortex-a9 -mfpu=vfpv3 -mfloat-abi=hard -nostartfiles -g -Wall -Wextra"
"Compiling devcfg"
"Running Make libs in ps7_cortexa9_0/libsrc/dmaps_v2_4/src"
D:/Xilinx/SDK/2018.3/gnuwin/bin/make -C ps7_cortexa9_0/libsrc/dmaps_v2_4/src -s libs  "SHELL=CMD" "COMPILER=arm-none-eabi-gcc" "ARCHIVER=arm-none-eabi-ar" "COMPILER_FLAGS=  -O2 -c" "EXTRA_COMPILER_FLAGS=-mcpu=cortex-a9 -mfpu=vfpv3 -mfloat-abi=hard -nostartfiles -g -Wall -Wextra"
"Compiling dmaps"
"Running Make libs in ps7_cortexa9_0/libsrc/gpiops_v3_4/src"
D:/Xilinx/SDK/2018.3/gnuwin/bin/make -C ps7_cortexa9_0/libsrc/gpiops_v3_4/src -s libs  "SHELL=CMD" "COMPILER=arm-none-eabi-gcc" "ARCHIVER=arm-none-eabi-ar" "COMPILER_FLAGS=  -O2 -c" "EXTRA_COMPILER_FLAGS=-mcpu=cortex-a9 -mfpu=vfpv3 -mfloat-abi=hard -nostartfiles -g -Wall -Wextra"
"Compiling gpiops"
"Running Make libs in ps7_cortexa9_0/libsrc/scugic_v3_10/src"
D:/Xilinx/SDK/2018.3/gnuwin/bin/make -C ps7_cortexa9_0/libsrc/scugic_v3_10/src -s libs  "SHELL=CMD" "COMPILER=arm-none-eabi-gcc" "ARCHIVER=arm-none-eabi-ar" "COMPILER_FLAGS=  -O2 -c" "EXTRA_COMPILER_FLAGS=-mcpu=cortex-a9 -mfpu=vfpv3 -mfloat-abi=hard -nostartfiles -g -Wall -Wextra"
"Compiling scugic"
"Running Make libs in ps7_cortexa9_0/libsrc/scutimer_v2_1/src"
D:/Xilinx/SDK/2018.3/gnuwin/bin/make -C ps7_cortexa9_0/libsrc/scutimer_v2_1/src -s libs  "SHELL=CMD" "COMPILER=arm-none-eabi-gcc" "ARCHIVER=arm-none-eabi-ar" "COMPILER_FLAGS=  -O2 -c" "EXTRA_COMPILER_FLAGS=-mcpu=cortex-a9 -mfpu=vfpv3 -mfloat-abi=hard -nostartfiles -g -Wall -Wextra"
"Compiling scutimer"
"Running Make libs in ps7_cortexa9_0/libsrc/scuwdt_v2_1/src"
D:/Xilinx/SDK/2018.3/gnuwin/bin/make -C ps7_cortexa9_0/libsrc/scuwdt_v2_1/src -s libs  "SHELL=CMD" "COMPILER=arm-none-eabi-gcc" "ARCHIVER=arm-none-eabi-ar" "COMPILER_FLAGS=  -O2 -c" "EXTRA_COMPILER_FLAGS=-mcpu=cortex-a9 -mfpu=vfpv3 -mfloat-abi=hard -nostartfiles -g -Wall -Wextra"
"Compiling scuwdt"
"Running Make libs in ps7_cortexa9_0/libsrc/standalone_v6_8/src"
D:/Xilinx/SDK/2018.3/gnuwin/bin/make -C ps7_cortexa9_0/libsrc/standalone_v6_8/src -s libs  "SHELL=CMD" "COMPILER=arm-none-eabi-gcc" "ARCHIVER=arm-none-eabi-ar" "COMPILER_FLAGS=  -O2 -c" "EXTRA_COMPILER_FLAGS=-mcpu=cortex-a9 -mfpu=vfpv3 -mfloat-abi=hard -nostartfiles -g -Wall -Wextra"
"Compiling standalone"
In file included from usleep.c:56:0:
xtime_l.h:87:9: note: #pragma message: For the sleep routines, Global timer is being used
 #pragma message ("For the sleep routines, Global timer is being used")
         ^~~~~~~
In file included from xil_sleeptimer.c:51:0:
xtime_l.h:87:9: note: #pragma message: For the sleep routines, Global timer is being used
 #pragma message ("For the sleep routines, Global timer is being used")
         ^~~~~~~
In file included from xtime_l.c:49:0:
xtime_l.h:87:9: note: #pragma message: For the sleep routines, Global timer is being used
 #pragma message ("For the sleep routines, Global timer is being used")
         ^~~~~~~
In file included from sleep.c:53:0:
xtime_l.h:87:9: note: #pragma message: For the sleep routines, Global timer is being used
 #pragma message ("For the sleep routines, Global timer is being used")
         ^~~~~~~
"Running Make libs in ps7_cortexa9_0/libsrc/uartps_v3_7/src"
D:/Xilinx/SDK/2018.3/gnuwin/bin/make -C ps7_cortexa9_0/libsrc/uartps_v3_7/src -s libs  "SHELL=CMD" "COMPILER=arm-none-eabi-gcc" "ARCHIVER=arm-none-eabi-ar" "COMPILER_FLAGS=  -O2 -c" "EXTRA_COMPILER_FLAGS=-mcpu=cortex-a9 -mfpu=vfpv3 -mfloat-abi=hard -nostartfiles -g -Wall -Wextra"
"Compiling uartps"
"Running Make libs in ps7_cortexa9_0/libsrc/xadcps_v2_3/src"
D:/Xilinx/SDK/2018.3/gnuwin/bin/make -C ps7_cortexa9_0/libsrc/xadcps_v2_3/src -s libs  "SHELL=CMD" "COMPILER=arm-none-eabi-gcc" "ARCHIVER=arm-none-eabi-ar" "COMPILER_FLAGS=  -O2 -c" "EXTRA_COMPILER_FLAGS=-mcpu=cortex-a9 -mfpu=vfpv3 -mfloat-abi=hard -nostartfiles -g -Wall -Wextra"
"Compiling xadcps"
'Finished building libraries'

**** Build of configuration Debug for project gpio_interrupt ****

Nothing to build for project gpio_interrupt
16:58:36 **** Auto Build of configuration Debug for project gpio_interrupt ****
make pre-build main-build 
a9-linaro-pre-build-step
 
Building file: ../src/main.c
Invoking: ARM v7 gcc compiler
arm-none-eabi-gcc -Wall -O0 -g3 -c -fmessage-length=0 -MT"src/main.o" -mcpu=cortex-a9 -mfpu=vfpv3 -mfloat-abi=hard -I../../gpio_interrupt_bsp/ps7_cortexa9_0/include -MMD -MP -MF"src/main.d" -MT"src/main.o" -o "src/main.o" "../src/main.c"
Finished building: ../src/main.c
 
Building target: gpio_interrupt.elf
Invoking: ARM v7 gcc linker
arm-none-eabi-gcc -mcpu=cortex-a9 -mfpu=vfpv3 -mfloat-abi=hard -Wl,-build-id=none -specs=Xilinx.spec -Wl,-T -Wl,../src/lscript.ld -L../../gpio_interrupt_bsp/ps7_cortexa9_0/lib -o "gpio_interrupt.elf"  ./src/main.o   -Wl,--start-group,-lxil,-lgcc,-lc,--end-group
../../gpio_interrupt_bsp/ps7_cortexa9_0/lib\libxil.a(xil-crt0.o): In function `_start':
D:\ZynqProject\SDK\gpio_interrupt\gpio_interrupt.sdk\gpio_interrupt_bsp\ps7_cortexa9_0\libsrc\standalone_v6_8\src/xil-crt0.S:138: undefined reference to `main'
collect2.exe: error: ld returned 1 exit status
make: *** [makefile:41: gpio_interrupt.elf] Error 1
17:04:16 **** Build of configuration Debug for project gpio_interrupt_bsp_xgpiops_polled_example_1 ****
make pre-build main-build 
a9-linaro-pre-build-step
 
Building file: ../src/xgpiops_polled_example.c
Invoking: ARM v7 gcc compiler
arm-none-eabi-gcc -Wall -O0 -g3 -c -fmessage-length=0 -MT"src/xgpiops_polled_example.o" -mcpu=cortex-a9 -mfpu=vfpv3 -mfloat-abi=hard -I../../gpio_interrupt_bsp/ps7_cortexa9_0/include -MMD -MP -MF"src/xgpiops_polled_example.d" -MT"src/xgpiops_polled_example.o" -o "src/xgpiops_polled_example.o" "../src/xgpiops_polled_example.c"
Finished building: ../src/xgpiops_polled_example.c
 
Building target: gpio_interrupt_bsp_xgpiops_polled_example_1.elf
Invoking: ARM v7 gcc linker
arm-none-eabi-gcc -mcpu=cortex-a9 -mfpu=vfpv3 -mfloat-abi=hard -Wl,-build-id=none -specs=Xilinx.spec -Wl,-T -Wl,../src/lscript.ld -L../../gpio_interrupt_bsp/ps7_cortexa9_0/lib -o "gpio_interrupt_bsp_xgpiops_polled_example_1.elf"  ./src/xgpiops_polled_example.o   -Wl,--start-group,-lxil,-lgcc,-lc,--end-group
Finished building target: gpio_interrupt_bsp_xgpiops_polled_example_1.elf
 
Invoking: ARM v7 Print Size
arm-none-eabi-size gpio_interrupt_bsp_xgpiops_polled_example_1.elf  |tee "gpio_interrupt_bsp_xgpiops_polled_example_1.elf.size"
   text	   data	    bss	    dec	    hex	filename
  29916	   1160	  22616	  53692	   d1bc	gpio_interrupt_bsp_xgpiops_polled_example_1.elf
Finished building: gpio_interrupt_bsp_xgpiops_polled_example_1.elf.size
 
17:04:58 **** Clean-only build of project gpio_interrupt_bsp ****
make -k clean 
D:/Xilinx/SDK/2018.3/gnuwin/bin/make -C ps7_cortexa9_0/libsrc/coresightps_dcc_v1_4/src -s clean 
D:/Xilinx/SDK/2018.3/gnuwin/bin/make -C ps7_cortexa9_0/libsrc/cpu_cortexa9_v2_7/src -s clean 
D:/Xilinx/SDK/2018.3/gnuwin/bin/make -C ps7_cortexa9_0/libsrc/ddrps_v1_0/src -s clean 
D:/Xilinx/SDK/2018.3/gnuwin/bin/make -C ps7_cortexa9_0/libsrc/devcfg_v3_5/src -s clean 
D:/Xilinx/SDK/2018.3/gnuwin/bin/make -C ps7_cortexa9_0/libsrc/dmaps_v2_4/src -s clean 
D:/Xilinx/SDK/2018.3/gnuwin/bin/make -C ps7_cortexa9_0/libsrc/gpiops_v3_4/src -s clean 
D:/Xilinx/SDK/2018.3/gnuwin/bin/make -C ps7_cortexa9_0/libsrc/scugic_v3_10/src -s clean 
D:/Xilinx/SDK/2018.3/gnuwin/bin/make -C ps7_cortexa9_0/libsrc/scutimer_v2_1/src -s clean 
D:/Xilinx/SDK/2018.3/gnuwin/bin/make -C ps7_cortexa9_0/libsrc/scuwdt_v2_1/src -s clean 
D:/Xilinx/SDK/2018.3/gnuwin/bin/make -C ps7_cortexa9_0/libsrc/standalone_v6_8/src -s clean 
D:/Xilinx/SDK/2018.3/gnuwin/bin/make -C ps7_cortexa9_0/libsrc/uartps_v3_7/src -s clean 
D:/Xilinx/SDK/2018.3/gnuwin/bin/make -C ps7_cortexa9_0/libsrc/xadcps_v2_3/src -s clean 
rm -f ps7_cortexa9_0/lib/libxil.a
17:04:59 **** Clean-only build of configuration Debug for project gpio_interrupt ****
make clean 
rm -rf  ./src/main.o  ./src/main.d  gpio_interrupt.elf.size  gpio_interrupt.elf
 
17:04:59 **** Clean-only build of configuration Debug for project gpio_interrupt_bsp_xgpiops_polled_example_1 ****
make clean 
rm -rf  ./src/xgpiops_polled_example.o  ./src/xgpiops_polled_example.d  gpio_interrupt_bsp_xgpiops_polled_example_1.elf.size  gpio_interrupt_bsp_xgpiops_polled_example_1.elf
 
17:04:59 **** Build of project gpio_interrupt_bsp ****
make -k all 
"Running Make include in ps7_cortexa9_0/libsrc/coresightps_dcc_v1_4/src"
D:/Xilinx/SDK/2018.3/gnuwin/bin/make -C ps7_cortexa9_0/libsrc/coresightps_dcc_v1_4/src -s include  "SHELL=CMD" "COMPILER=arm-none-eabi-gcc" "ARCHIVER=arm-none-eabi-ar" "COMPILER_FLAGS=  -O2 -c" "EXTRA_COMPILER_FLAGS=-mcpu=cortex-a9 -mfpu=vfpv3 -mfloat-abi=hard -nostartfiles -g -Wall -Wextra"
"Running Make include in ps7_cortexa9_0/libsrc/cpu_cortexa9_v2_7/src"
D:/Xilinx/SDK/2018.3/gnuwin/bin/make -C ps7_cortexa9_0/libsrc/cpu_cortexa9_v2_7/src -s include  "SHELL=CMD" "COMPILER=arm-none-eabi-gcc" "ARCHIVER=arm-none-eabi-ar" "COMPILER_FLAGS=  -O2 -c" "EXTRA_COMPILER_FLAGS=-mcpu=cortex-a9 -mfpu=vfpv3 -mfloat-abi=hard -nostartfiles -g -Wall -Wextra"
"Running Make include in ps7_cortexa9_0/libsrc/ddrps_v1_0/src"
D:/Xilinx/SDK/2018.3/gnuwin/bin/make -C ps7_cortexa9_0/libsrc/ddrps_v1_0/src -s include  "SHELL=CMD" "COMPILER=arm-none-eabi-gcc" "ARCHIVER=arm-none-eabi-ar" "COMPILER_FLAGS=  -O2 -c" "EXTRA_COMPILER_FLAGS=-mcpu=cortex-a9 -mfpu=vfpv3 -mfloat-abi=hard -nostartfiles -g -Wall -Wextra"
"Running Make include in ps7_cortexa9_0/libsrc/devcfg_v3_5/src"
D:/Xilinx/SDK/2018.3/gnuwin/bin/make -C ps7_cortexa9_0/libsrc/devcfg_v3_5/src -s include  "SHELL=CMD" "COMPILER=arm-none-eabi-gcc" "ARCHIVER=arm-none-eabi-ar" "COMPILER_FLAGS=  -O2 -c" "EXTRA_COMPILER_FLAGS=-mcpu=cortex-a9 -mfpu=vfpv3 -mfloat-abi=hard -nostartfiles -g -Wall -Wextra"
"Running Make include in ps7_cortexa9_0/libsrc/dmaps_v2_4/src"
D:/Xilinx/SDK/2018.3/gnuwin/bin/make -C ps7_cortexa9_0/libsrc/dmaps_v2_4/src -s include  "SHELL=CMD" "COMPILER=arm-none-eabi-gcc" "ARCHIVER=arm-none-eabi-ar" "COMPILER_FLAGS=  -O2 -c" "EXTRA_COMPILER_FLAGS=-mcpu=cortex-a9 -mfpu=vfpv3 -mfloat-abi=hard -nostartfiles -g -Wall -Wextra"
"Running Make include in ps7_cortexa9_0/libsrc/gpiops_v3_4/src"
D:/Xilinx/SDK/2018.3/gnuwin/bin/make -C ps7_cortexa9_0/libsrc/gpiops_v3_4/src -s include  "SHELL=CMD" "COMPILER=arm-none-eabi-gcc" "ARCHIVER=arm-none-eabi-ar" "COMPILER_FLAGS=  -O2 -c" "EXTRA_COMPILER_FLAGS=-mcpu=cortex-a9 -mfpu=vfpv3 -mfloat-abi=hard -nostartfiles -g -Wall -Wextra"
"Running Make include in ps7_cortexa9_0/libsrc/scugic_v3_10/src"
D:/Xilinx/SDK/2018.3/gnuwin/bin/make -C ps7_cortexa9_0/libsrc/scugic_v3_10/src -s include  "SHELL=CMD" "COMPILER=arm-none-eabi-gcc" "ARCHIVER=arm-none-eabi-ar" "COMPILER_FLAGS=  -O2 -c" "EXTRA_COMPILER_FLAGS=-mcpu=cortex-a9 -mfpu=vfpv3 -mfloat-abi=hard -nostartfiles -g -Wall -Wextra"
"Running Make include in ps7_cortexa9_0/libsrc/scutimer_v2_1/src"
D:/Xilinx/SDK/2018.3/gnuwin/bin/make -C ps7_cortexa9_0/libsrc/scutimer_v2_1/src -s include  "SHELL=CMD" "COMPILER=arm-none-eabi-gcc" "ARCHIVER=arm-none-eabi-ar" "COMPILER_FLAGS=  -O2 -c" "EXTRA_COMPILER_FLAGS=-mcpu=cortex-a9 -mfpu=vfpv3 -mfloat-abi=hard -nostartfiles -g -Wall -Wextra"
"Running Make include in ps7_cortexa9_0/libsrc/scuwdt_v2_1/src"
D:/Xilinx/SDK/2018.3/gnuwin/bin/make -C ps7_cortexa9_0/libsrc/scuwdt_v2_1/src -s include  "SHELL=CMD" "COMPILER=arm-none-eabi-gcc" "ARCHIVER=arm-none-eabi-ar" "COMPILER_FLAGS=  -O2 -c" "EXTRA_COMPILER_FLAGS=-mcpu=cortex-a9 -mfpu=vfpv3 -mfloat-abi=hard -nostartfiles -g -Wall -Wextra"
"Running Make include in ps7_cortexa9_0/libsrc/standalone_v6_8/src"
D:/Xilinx/SDK/2018.3/gnuwin/bin/make -C ps7_cortexa9_0/libsrc/standalone_v6_8/src -s include  "SHELL=CMD" "COMPILER=arm-none-eabi-gcc" "ARCHIVER=arm-none-eabi-ar" "COMPILER_FLAGS=  -O2 -c" "EXTRA_COMPILER_FLAGS=-mcpu=cortex-a9 -mfpu=vfpv3 -mfloat-abi=hard -nostartfiles -g -Wall -Wextra"
"Running Make include in ps7_cortexa9_0/libsrc/uartps_v3_7/src"
D:/Xilinx/SDK/2018.3/gnuwin/bin/make -C ps7_cortexa9_0/libsrc/uartps_v3_7/src -s include  "SHELL=CMD" "COMPILER=arm-none-eabi-gcc" "ARCHIVER=arm-none-eabi-ar" "COMPILER_FLAGS=  -O2 -c" "EXTRA_COMPILER_FLAGS=-mcpu=cortex-a9 -mfpu=vfpv3 -mfloat-abi=hard -nostartfiles -g -Wall -Wextra"
"Running Make include in ps7_cortexa9_0/libsrc/xadcps_v2_3/src"
D:/Xilinx/SDK/2018.3/gnuwin/bin/make -C ps7_cortexa9_0/libsrc/xadcps_v2_3/src -s include  "SHELL=CMD" "COMPILER=arm-none-eabi-gcc" "ARCHIVER=arm-none-eabi-ar" "COMPILER_FLAGS=  -O2 -c" "EXTRA_COMPILER_FLAGS=-mcpu=cortex-a9 -mfpu=vfpv3 -mfloat-abi=hard -nostartfiles -g -Wall -Wextra"
"Running Make libs in ps7_cortexa9_0/libsrc/coresightps_dcc_v1_4/src"
D:/Xilinx/SDK/2018.3/gnuwin/bin/make -C ps7_cortexa9_0/libsrc/coresightps_dcc_v1_4/src -s libs  "SHELL=CMD" "COMPILER=arm-none-eabi-gcc" "ARCHIVER=arm-none-eabi-ar" "COMPILER_FLAGS=  -O2 -c" "EXTRA_COMPILER_FLAGS=-mcpu=cortex-a9 -mfpu=vfpv3 -mfloat-abi=hard -nostartfiles -g -Wall -Wextra"
"Compiling coresightps_dcc"
arm-none-eabi-ar: creating ../../../lib/libxil.a
"Running Make libs in ps7_cortexa9_0/libsrc/cpu_cortexa9_v2_7/src"
D:/Xilinx/SDK/2018.3/gnuwin/bin/make -C ps7_cortexa9_0/libsrc/cpu_cortexa9_v2_7/src -s libs  "SHELL=CMD" "COMPILER=arm-none-eabi-gcc" "ARCHIVER=arm-none-eabi-ar" "COMPILER_FLAGS=  -O2 -c" "EXTRA_COMPILER_FLAGS=-mcpu=cortex-a9 -mfpu=vfpv3 -mfloat-abi=hard -nostartfiles -g -Wall -Wextra"
"Compiling cpu_cortexa9"
"Running Make libs in ps7_cortexa9_0/libsrc/ddrps_v1_0/src"
D:/Xilinx/SDK/2018.3/gnuwin/bin/make -C ps7_cortexa9_0/libsrc/ddrps_v1_0/src -s libs  "SHELL=CMD" "COMPILER=arm-none-eabi-gcc" "ARCHIVER=arm-none-eabi-ar" "COMPILER_FLAGS=  -O2 -c" "EXTRA_COMPILER_FLAGS=-mcpu=cortex-a9 -mfpu=vfpv3 -mfloat-abi=hard -nostartfiles -g -Wall -Wextra"
"Compiling ddrps"
"Running Make libs in ps7_cortexa9_0/libsrc/devcfg_v3_5/src"
D:/Xilinx/SDK/2018.3/gnuwin/bin/make -C ps7_cortexa9_0/libsrc/devcfg_v3_5/src -s libs  "SHELL=CMD" "COMPILER=arm-none-eabi-gcc" "ARCHIVER=arm-none-eabi-ar" "COMPILER_FLAGS=  -O2 -c" "EXTRA_COMPILER_FLAGS=-mcpu=cortex-a9 -mfpu=vfpv3 -mfloat-abi=hard -nostartfiles -g -Wall -Wextra"
"Compiling devcfg"
"Running Make libs in ps7_cortexa9_0/libsrc/dmaps_v2_4/src"
D:/Xilinx/SDK/2018.3/gnuwin/bin/make -C ps7_cortexa9_0/libsrc/dmaps_v2_4/src -s libs  "SHELL=CMD" "COMPILER=arm-none-eabi-gcc" "ARCHIVER=arm-none-eabi-ar" "COMPILER_FLAGS=  -O2 -c" "EXTRA_COMPILER_FLAGS=-mcpu=cortex-a9 -mfpu=vfpv3 -mfloat-abi=hard -nostartfiles -g -Wall -Wextra"
"Compiling dmaps"
"Running Make libs in ps7_cortexa9_0/libsrc/gpiops_v3_4/src"
D:/Xilinx/SDK/2018.3/gnuwin/bin/make -C ps7_cortexa9_0/libsrc/gpiops_v3_4/src -s libs  "SHELL=CMD" "COMPILER=arm-none-eabi-gcc" "ARCHIVER=arm-none-eabi-ar" "COMPILER_FLAGS=  -O2 -c" "EXTRA_COMPILER_FLAGS=-mcpu=cortex-a9 -mfpu=vfpv3 -mfloat-abi=hard -nostartfiles -g -Wall -Wextra"
"Compiling gpiops"
"Running Make libs in ps7_cortexa9_0/libsrc/scugic_v3_10/src"
D:/Xilinx/SDK/2018.3/gnuwin/bin/make -C ps7_cortexa9_0/libsrc/scugic_v3_10/src -s libs  "SHELL=CMD" "COMPILER=arm-none-eabi-gcc" "ARCHIVER=arm-none-eabi-ar" "COMPILER_FLAGS=  -O2 -c" "EXTRA_COMPILER_FLAGS=-mcpu=cortex-a9 -mfpu=vfpv3 -mfloat-abi=hard -nostartfiles -g -Wall -Wextra"
"Compiling scugic"
"Running Make libs in ps7_cortexa9_0/libsrc/scutimer_v2_1/src"
D:/Xilinx/SDK/2018.3/gnuwin/bin/make -C ps7_cortexa9_0/libsrc/scutimer_v2_1/src -s libs  "SHELL=CMD" "COMPILER=arm-none-eabi-gcc" "ARCHIVER=arm-none-eabi-ar" "COMPILER_FLAGS=  -O2 -c" "EXTRA_COMPILER_FLAGS=-mcpu=cortex-a9 -mfpu=vfpv3 -mfloat-abi=hard -nostartfiles -g -Wall -Wextra"
"Compiling scutimer"
"Running Make libs in ps7_cortexa9_0/libsrc/scuwdt_v2_1/src"
D:/Xilinx/SDK/2018.3/gnuwin/bin/make -C ps7_cortexa9_0/libsrc/scuwdt_v2_1/src -s libs  "SHELL=CMD" "COMPILER=arm-none-eabi-gcc" "ARCHIVER=arm-none-eabi-ar" "COMPILER_FLAGS=  -O2 -c" "EXTRA_COMPILER_FLAGS=-mcpu=cortex-a9 -mfpu=vfpv3 -mfloat-abi=hard -nostartfiles -g -Wall -Wextra"
"Compiling scuwdt"
"Running Make libs in ps7_cortexa9_0/libsrc/standalone_v6_8/src"
D:/Xilinx/SDK/2018.3/gnuwin/bin/make -C ps7_cortexa9_0/libsrc/standalone_v6_8/src -s libs  "SHELL=CMD" "COMPILER=arm-none-eabi-gcc" "ARCHIVER=arm-none-eabi-ar" "COMPILER_FLAGS=  -O2 -c" "EXTRA_COMPILER_FLAGS=-mcpu=cortex-a9 -mfpu=vfpv3 -mfloat-abi=hard -nostartfiles -g -Wall -Wextra"
"Compiling standalone"
In file included from usleep.c:56:0:
xtime_l.h:87:9: note: #pragma message: For the sleep routines, Global timer is being used
 #pragma message ("For the sleep routines, Global timer is being used")
         ^~~~~~~
In file included from xil_sleeptimer.c:51:0:
xtime_l.h:87:9: note: #pragma message: For the sleep routines, Global timer is being used
 #pragma message ("For the sleep routines, Global timer is being used")
         ^~~~~~~
In file included from xtime_l.c:49:0:
xtime_l.h:87:9: note: #pragma message: For the sleep routines, Global timer is being used
 #pragma message ("For the sleep routines, Global timer is being used")
         ^~~~~~~
In file included from sleep.c:53:0:
xtime_l.h:87:9: note: #pragma message: For the sleep routines, Global timer is being used
 #pragma message ("For the sleep routines, Global timer is being used")
         ^~~~~~~
"Running Make libs in ps7_cortexa9_0/libsrc/uartps_v3_7/src"
D:/Xilinx/SDK/2018.3/gnuwin/bin/make -C ps7_cortexa9_0/libsrc/uartps_v3_7/src -s libs  "SHELL=CMD" "COMPILER=arm-none-eabi-gcc" "ARCHIVER=arm-none-eabi-ar" "COMPILER_FLAGS=  -O2 -c" "EXTRA_COMPILER_FLAGS=-mcpu=cortex-a9 -mfpu=vfpv3 -mfloat-abi=hard -nostartfiles -g -Wall -Wextra"
"Compiling uartps"
"Running Make libs in ps7_cortexa9_0/libsrc/xadcps_v2_3/src"
D:/Xilinx/SDK/2018.3/gnuwin/bin/make -C ps7_cortexa9_0/libsrc/xadcps_v2_3/src -s libs  "SHELL=CMD" "COMPILER=arm-none-eabi-gcc" "ARCHIVER=arm-none-eabi-ar" "COMPILER_FLAGS=  -O2 -c" "EXTRA_COMPILER_FLAGS=-mcpu=cortex-a9 -mfpu=vfpv3 -mfloat-abi=hard -nostartfiles -g -Wall -Wextra"
"Compiling xadcps"
'Finished building libraries'
17:05:09 **** Build of configuration Debug for project gpio_interrupt ****
make pre-build main-build 
a9-linaro-pre-build-step
 
Building file: ../src/main.c
Invoking: ARM v7 gcc compiler
arm-none-eabi-gcc -Wall -O0 -g3 -c -fmessage-length=0 -MT"src/main.o" -mcpu=cortex-a9 -mfpu=vfpv3 -mfloat-abi=hard -I../../gpio_interrupt_bsp/ps7_cortexa9_0/include -MMD -MP -MF"src/main.d" -MT"src/main.o" -o "src/main.o" "../src/main.c"
Finished building: ../src/main.c
 
Building target: gpio_interrupt.elf
Invoking: ARM v7 gcc linker
arm-none-eabi-gcc -mcpu=cortex-a9 -mfpu=vfpv3 -mfloat-abi=hard -Wl,-build-id=none -specs=Xilinx.spec -Wl,-T -Wl,../src/lscript.ld -L../../gpio_interrupt_bsp/ps7_cortexa9_0/lib -o "gpio_interrupt.elf"  ./src/main.o   -Wl,--start-group,-lxil,-lgcc,-lc,--end-group
../../gpio_interrupt_bsp/ps7_cortexa9_0/lib\libxil.a(xil-crt0.o): In function `_start':
D:\ZynqProject\SDK\gpio_interrupt\gpio_interrupt.sdk\gpio_interrupt_bsp\ps7_cortexa9_0\libsrc\standalone_v6_8\src/xil-crt0.S:138: undefined reference to `main'
collect2.exe: error: ld returned 1 exit status
make: *** [makefile:41: gpio_interrupt.elf] Error 1
17:05:09 **** Build of configuration Debug for project gpio_interrupt_bsp_xgpiops_polled_example_1 ****
make pre-build main-build 
a9-linaro-pre-build-step
 
Building file: ../src/xgpiops_polled_example.c
Invoking: ARM v7 gcc compiler
arm-none-eabi-gcc -Wall -O0 -g3 -c -fmessage-length=0 -MT"src/xgpiops_polled_example.o" -mcpu=cortex-a9 -mfpu=vfpv3 -mfloat-abi=hard -I../../gpio_interrupt_bsp/ps7_cortexa9_0/include -MMD -MP -MF"src/xgpiops_polled_example.d" -MT"src/xgpiops_polled_example.o" -o "src/xgpiops_polled_example.o" "../src/xgpiops_polled_example.c"
Finished building: ../src/xgpiops_polled_example.c
 
Building target: gpio_interrupt_bsp_xgpiops_polled_example_1.elf
Invoking: ARM v7 gcc linker
arm-none-eabi-gcc -mcpu=cortex-a9 -mfpu=vfpv3 -mfloat-abi=hard -Wl,-build-id=none -specs=Xilinx.spec -Wl,-T -Wl,../src/lscript.ld -L../../gpio_interrupt_bsp/ps7_cortexa9_0/lib -o "gpio_interrupt_bsp_xgpiops_polled_example_1.elf"  ./src/xgpiops_polled_example.o   -Wl,--start-group,-lxil,-lgcc,-lc,--end-group
Finished building target: gpio_interrupt_bsp_xgpiops_polled_example_1.elf
 
Invoking: ARM v7 Print Size
arm-none-eabi-size gpio_interrupt_bsp_xgpiops_polled_example_1.elf  |tee "gpio_interrupt_bsp_xgpiops_polled_example_1.elf.size"
   text	   data	    bss	    dec	    hex	filename
  29916	   1160	  22616	  53692	   d1bc	gpio_interrupt_bsp_xgpiops_polled_example_1.elf
Finished building: gpio_interrupt_bsp_xgpiops_polled_example_1.elf.size
 
17:07:10 **** Auto Build of configuration Debug for project gpio_interrupt ****
make pre-build main-build 
a9-linaro-pre-build-step
 
Building file: ../src/main.c
Invoking: ARM v7 gcc compiler
arm-none-eabi-gcc -Wall -O0 -g3 -c -fmessage-length=0 -MT"src/main.o" -mcpu=cortex-a9 -mfpu=vfpv3 -mfloat-abi=hard -I../../gpio_interrupt_bsp/ps7_cortexa9_0/include -MMD -MP -MF"src/main.d" -MT"src/main.o" -o "src/main.o" "../src/main.c"
../src/main.c: In function 'main':
../src/main.c:11:2: error: 'ConfigPtr' undeclared (first use in this function)
  ConfigPtr = XGpioPs_LookupConfig(GPIO_DEVICE_ID);
  ^~~~~~~~~
../src/main.c:11:2: note: each undeclared identifier is reported only once for each function it appears in
../src/main.c:11:35: error: 'GPIO_DEVICE_ID' undeclared (first use in this function)
  ConfigPtr = XGpioPs_LookupConfig(GPIO_DEVICE_ID);
                                   ^~~~~~~~~~~~~~
../src/main.c:12:3: error: 'Status' undeclared (first use in this function); did you mean 'XStatus'?
   Status = XGpioPs_CfgInitialize(&Gpio, ConfigPtr,
   ^~~~~~
   XStatus
../src/main.c:12:35: error: 'Gpio' undeclared (first use in this function)
   Status = XGpioPs_CfgInitialize(&Gpio, ConfigPtr,
                                   ^~~~
make: *** [src/subdir.mk:23: src/main.o] Error 1
17:07:50 **** Auto Build of configuration Debug for project gpio_interrupt ****
make pre-build main-build 
a9-linaro-pre-build-step
 
Building file: ../src/main.c
Invoking: ARM v7 gcc compiler
arm-none-eabi-gcc -Wall -O0 -g3 -c -fmessage-length=0 -MT"src/main.o" -mcpu=cortex-a9 -mfpu=vfpv3 -mfloat-abi=hard -I../../gpio_interrupt_bsp/ps7_cortexa9_0/include -MMD -MP -MF"src/main.d" -MT"src/main.o" -o "src/main.o" "../src/main.c"
../src/main.c: In function 'main':
../src/main.c:11:35: error: 'GPIO_DEVICE_ID' undeclared (first use in this function)
  ConfigPtr = XGpioPs_LookupConfig(GPIO_DEVICE_ID);
                                   ^~~~~~~~~~~~~~
../src/main.c:11:35: note: each undeclared identifier is reported only once for each function it appears in
../src/main.c:12:3: error: 'Status' undeclared (first use in this function); did you mean 'XStatus'?
   Status = XGpioPs_CfgInitialize(&Gpio, ConfigPtr,
   ^~~~~~
   XStatus
../src/main.c:12:35: error: 'Gpio' undeclared (first use in this function)
   Status = XGpioPs_CfgInitialize(&Gpio, ConfigPtr,
                                   ^~~~
make: *** [src/subdir.mk:23: src/main.o] Error 1
17:08:09 **** Auto Build of configuration Debug for project gpio_interrupt ****
make pre-build main-build 
a9-linaro-pre-build-step
 
Building file: ../src/main.c
Invoking: ARM v7 gcc compiler
arm-none-eabi-gcc -Wall -O0 -g3 -c -fmessage-length=0 -MT"src/main.o" -mcpu=cortex-a9 -mfpu=vfpv3 -mfloat-abi=hard -I../../gpio_interrupt_bsp/ps7_cortexa9_0/include -MMD -MP -MF"src/main.d" -MT"src/main.o" -o "src/main.o" "../src/main.c"
../src/main.c: In function 'main':
../src/main.c:13:3: error: 'Status' undeclared (first use in this function); did you mean 'XStatus'?
   Status = XGpioPs_CfgInitialize(&Gpio, ConfigPtr,
   ^~~~~~
   XStatus
../src/main.c:13:3: note: each undeclared identifier is reported only once for each function it appears in
../src/main.c:13:35: error: 'Gpio' undeclared (first use in this function)
   Status = XGpioPs_CfgInitialize(&Gpio, ConfigPtr,
                                   ^~~~
make: *** [src/subdir.mk:23: src/main.o] Error 1
17:08:23 **** Auto Build of configuration Debug for project gpio_interrupt ****
make pre-build main-build 
a9-linaro-pre-build-step
 
Building file: ../src/main.c
Invoking: ARM v7 gcc compiler
arm-none-eabi-gcc -Wall -O0 -g3 -c -fmessage-length=0 -MT"src/main.o" -mcpu=cortex-a9 -mfpu=vfpv3 -mfloat-abi=hard -I../../gpio_interrupt_bsp/ps7_cortexa9_0/include -MMD -MP -MF"src/main.d" -MT"src/main.o" -o "src/main.o" "../src/main.c"
../src/main.c: In function 'main':
../src/main.c:13:25: error: 'Gpio' undeclared (first use in this function)
  XGpioPs_CfgInitialize(&Gpio, ConfigPtr,ConfigPtr->BaseAddr);
                         ^~~~
../src/main.c:13:25: note: each undeclared identifier is reported only once for each function it appears in
make: *** [src/subdir.mk:23: src/main.o] Error 1
17:09:07 **** Auto Build of configuration Debug for project gpio_interrupt ****
make pre-build main-build 
a9-linaro-pre-build-step
 
Building file: ../src/main.c
Invoking: ARM v7 gcc compiler
arm-none-eabi-gcc -Wall -O0 -g3 -c -fmessage-length=0 -MT"src/main.o" -mcpu=cortex-a9 -mfpu=vfpv3 -mfloat-abi=hard -I../../gpio_interrupt_bsp/ps7_cortexa9_0/include -MMD -MP -MF"src/main.d" -MT"src/main.o" -o "src/main.o" "../src/main.c"
Finished building: ../src/main.c
 
Building target: gpio_interrupt.elf
Invoking: ARM v7 gcc linker
arm-none-eabi-gcc -mcpu=cortex-a9 -mfpu=vfpv3 -mfloat-abi=hard -Wl,-build-id=none -specs=Xilinx.spec -Wl,-T -Wl,../src/lscript.ld -L../../gpio_interrupt_bsp/ps7_cortexa9_0/lib -o "gpio_interrupt.elf"  ./src/main.o   -Wl,--start-group,-lxil,-lgcc,-lc,--end-group
Finished building target: gpio_interrupt.elf
 
Invoking: ARM v7 Print Size
arm-none-eabi-size gpio_interrupt.elf  |tee "gpio_interrupt.elf.size"
   text	   data	    bss	    dec	    hex	filename
  26564	   1152	  22616	  50332	   c49c	gpio_interrupt.elf
Finished building: gpio_interrupt.elf.size
 
17:18:04 **** Build of configuration Debug for project gpio_interrupt_bsp_xgpiops_intr_example_1 ****
make pre-build main-build 
a9-linaro-pre-build-step
 
Building file: ../src/xgpiops_intr_example.c
Invoking: ARM v7 gcc compiler
arm-none-eabi-gcc -Wall -O0 -g3 -c -fmessage-length=0 -MT"src/xgpiops_intr_example.o" -mcpu=cortex-a9 -mfpu=vfpv3 -mfloat-abi=hard -I../../gpio_interrupt_bsp/ps7_cortexa9_0/include -MMD -MP -MF"src/xgpiops_intr_example.d" -MT"src/xgpiops_intr_example.o" -o "src/xgpiops_intr_example.o" "../src/xgpiops_intr_example.c"
Finished building: ../src/xgpiops_intr_example.c
 
Building target: gpio_interrupt_bsp_xgpiops_intr_example_1.elf
Invoking: ARM v7 gcc linker
arm-none-eabi-gcc -mcpu=cortex-a9 -mfpu=vfpv3 -mfloat-abi=hard -Wl,-build-id=none -specs=Xilinx.spec -Wl,-T -Wl,../src/lscript.ld -L../../gpio_interrupt_bsp/ps7_cortexa9_0/lib -o "gpio_interrupt_bsp_xgpiops_intr_example_1.elf"  ./src/xgpiops_intr_example.o   -Wl,--start-group,-lxil,-lgcc,-lc,--end-group
Finished building target: gpio_interrupt_bsp_xgpiops_intr_example_1.elf
 
Invoking: ARM v7 Print Size
arm-none-eabi-size gpio_interrupt_bsp_xgpiops_intr_example_1.elf  |tee "gpio_interrupt_bsp_xgpiops_intr_example_1.elf.size"
   text	   data	    bss	    dec	    hex	filename
  33468	   1928	  22648	  58044	   e2bc	gpio_interrupt_bsp_xgpiops_intr_example_1.elf
Finished building: gpio_interrupt_bsp_xgpiops_intr_example_1.elf.size
 
17:24:33 **** Auto Build of configuration Debug for project gpio_interrupt ****
make pre-build main-build 
a9-linaro-pre-build-step
 
Building file: ../src/main.c
Invoking: ARM v7 gcc compiler
arm-none-eabi-gcc -Wall -O0 -g3 -c -fmessage-length=0 -MT"src/main.o" -mcpu=cortex-a9 -mfpu=vfpv3 -mfloat-abi=hard -I../../gpio_interrupt_bsp/ps7_cortexa9_0/include -MMD -MP -MF"src/main.d" -MT"src/main.o" -o "src/main.o" "../src/main.c"
../src/main.c:10:26: error: unknown type name 'XScuGic'
 int SetupInterruptSystem(XScuGic *GicInstancePtr, XGpioPs *Gpio,u16 GpioIntrId)
                          ^~~~~~~
../src/main.c:25:33: error: unknown type name 'XScuGic'
 static int SetupInterruptSystem(XScuGic *GicInstancePtr, XGpioPs *Gpio,
                                 ^~~~~~~
make: *** [src/subdir.mk:23: src/main.o] Error 1
17:25:48 **** Auto Build of configuration Debug for project gpio_interrupt ****
make pre-build main-build 
a9-linaro-pre-build-step
 
Building file: ../src/main.c
Invoking: ARM v7 gcc compiler
arm-none-eabi-gcc -Wall -O0 -g3 -c -fmessage-length=0 -MT"src/main.o" -mcpu=cortex-a9 -mfpu=vfpv3 -mfloat-abi=hard -I../../gpio_interrupt_bsp/ps7_cortexa9_0/include -MMD -MP -MF"src/main.d" -MT"src/main.o" -o "src/main.o" "../src/main.c"
../src/main.c:10:26: error: unknown type name 'XScuGic'
 int SetupInterruptSystem(XScuGic *GicInstancePtr, XGpioPs *Gpio,u16 GpioIntrId);
                          ^~~~~~~
../src/main.c: In function 'main':
../src/main.c:17:33: error: 'Output_Pin' undeclared (first use in this function)
  XGpioPs_SetDirectionPin(&Gpio, Output_Pin, 1);
                                 ^~~~~~~~~~
../src/main.c:17:33: note: each undeclared identifier is reported only once for each function it appears in
../src/main.c:19:2: warning: implicit declaration of function 'SetupInterruptSystem' [-Wimplicit-function-declaration]
  SetupInterruptSystem(Intc, Gpio, GPIO_INTERRUPT_ID);
  ^~~~~~~~~~~~~~~~~~~~
../src/main.c:19:23: error: 'Intc' undeclared (first use in this function); did you mean 'putc'?
  SetupInterruptSystem(Intc, Gpio, GPIO_INTERRUPT_ID);
                       ^~~~
                       putc
../src/main.c:19:35: error: 'GPIO_INTERRUPT_ID' undeclared (first use in this function); did you mean 'GPIO_DEVICE_ID'?
  SetupInterruptSystem(Intc, Gpio, GPIO_INTERRUPT_ID);
                                   ^~~~~~~~~~~~~~~~~
                                   GPIO_DEVICE_ID
../src/main.c: At top level:
../src/main.c:25:33: error: unknown type name 'XScuGic'
 static int SetupInterruptSystem(XScuGic *GicInstancePtr, XGpioPs *Gpio,
                                 ^~~~~~~
make: *** [src/subdir.mk:23: src/main.o] Error 1
17:29:27 **** Auto Build of configuration Debug for project gpio_interrupt ****
make pre-build main-build 
a9-linaro-pre-build-step
 
Building file: ../src/main.c
Invoking: ARM v7 gcc compiler
arm-none-eabi-gcc -Wall -O0 -g3 -c -fmessage-length=0 -MT"src/main.o" -mcpu=cortex-a9 -mfpu=vfpv3 -mfloat-abi=hard -I../../gpio_interrupt_bsp/ps7_cortexa9_0/include -MMD -MP -MF"src/main.d" -MT"src/main.o" -o "src/main.o" "../src/main.c"
../src/main.c:11:26: error: unknown type name 'XScuGic'
 int SetupInterruptSystem(XScuGic *GicInstancePtr, XGpioPs *Gpio,u16 GpioIntrId);
                          ^~~~~~~
../src/main.c: In function 'main':
../src/main.c:22:2: warning: implicit declaration of function 'SetupInterruptSystem' [-Wimplicit-function-declaration]
  SetupInterruptSystem(Intc, Gpio, GPIO_INTERRUPT_ID);
  ^~~~~~~~~~~~~~~~~~~~
../src/main.c:22:23: error: 'Intc' undeclared (first use in this function); did you mean 'putc'?
  SetupInterruptSystem(Intc, Gpio, GPIO_INTERRUPT_ID);
                       ^~~~
                       putc
../src/main.c:22:23: note: each undeclared identifier is reported only once for each function it appears in
../src/main.c:22:35: error: 'GPIO_INTERRUPT_ID' undeclared (first use in this function); did you mean 'GPIO_DEVICE_ID'?
  SetupInterruptSystem(Intc, Gpio, GPIO_INTERRUPT_ID);
                                   ^~~~~~~~~~~~~~~~~
                                   GPIO_DEVICE_ID
../src/main.c: At top level:
../src/main.c:28:33: error: unknown type name 'XScuGic'
 static int SetupInterruptSystem(XScuGic *GicInstancePtr, XGpioPs *Gpio,
                                 ^~~~~~~
make: *** [src/subdir.mk:23: src/main.o] Error 1
17:29:35 **** Auto Build of configuration Debug for project gpio_interrupt ****
make pre-build main-build 
a9-linaro-pre-build-step
 
Building file: ../src/main.c
Invoking: ARM v7 gcc compiler
arm-none-eabi-gcc -Wall -O0 -g3 -c -fmessage-length=0 -MT"src/main.o" -mcpu=cortex-a9 -mfpu=vfpv3 -mfloat-abi=hard -I../../gpio_interrupt_bsp/ps7_cortexa9_0/include -MMD -MP -MF"src/main.d" -MT"src/main.o" -o "src/main.o" "../src/main.c"
../src/main.c:11:26: error: unknown type name 'XScuGic'
 int SetupInterruptSystem(XScuGic *GicInstancePtr, XGpioPs *Gpio,u16 GpioIntrId);
                          ^~~~~~~
../src/main.c: In function 'main':
../src/main.c:23:2: warning: implicit declaration of function 'SetupInterruptSystem' [-Wimplicit-function-declaration]
  SetupInterruptSystem(Intc, Gpio, GPIO_INTERRUPT_ID);
  ^~~~~~~~~~~~~~~~~~~~
../src/main.c:23:23: error: 'Intc' undeclared (first use in this function); did you mean 'putc'?
  SetupInterruptSystem(Intc, Gpio, GPIO_INTERRUPT_ID);
                       ^~~~
                       putc
../src/main.c:23:23: note: each undeclared identifier is reported only once for each function it appears in
../src/main.c:23:35: error: 'GPIO_INTERRUPT_ID' undeclared (first use in this function); did you mean 'GPIO_DEVICE_ID'?
  SetupInterruptSystem(Intc, Gpio, GPIO_INTERRUPT_ID);
                                   ^~~~~~~~~~~~~~~~~
                                   GPIO_DEVICE_ID
../src/main.c: At top level:
../src/main.c:29:33: error: unknown type name 'XScuGic'
 static int SetupInterruptSystem(XScuGic *GicInstancePtr, XGpioPs *Gpio,
                                 ^~~~~~~
make: *** [src/subdir.mk:23: src/main.o] Error 1
20:25:16 **** Auto Build of configuration Debug for project gpio_interrupt ****
make pre-build main-build 
a9-linaro-pre-build-step
 
Building file: ../src/main.c
Invoking: ARM v7 gcc compiler
arm-none-eabi-gcc -Wall -O0 -g3 -c -fmessage-length=0 -MT"src/main.o" -mcpu=cortex-a9 -mfpu=vfpv3 -mfloat-abi=hard -I../../gpio_interrupt_bsp/ps7_cortexa9_0/include -MMD -MP -MF"src/main.d" -MT"src/main.o" -o "src/main.o" "../src/main.c"
../src/main.c:12:26: error: unknown type name 'XScuGic'
 int SetupInterruptSystem(XScuGic *GicInstancePtr, XGpioPs *Gpio,u16 GpioIntrId);
                          ^~~~~~~
../src/main.c: In function 'main':
../src/main.c:24:2: warning: implicit declaration of function 'SetupInterruptSystem' [-Wimplicit-function-declaration]
  SetupInterruptSystem(Intc, Gpio, GPIO_INTERRUPT_ID);
  ^~~~~~~~~~~~~~~~~~~~
../src/main.c:24:23: error: 'Intc' undeclared (first use in this function); did you mean 'putc'?
  SetupInterruptSystem(Intc, Gpio, GPIO_INTERRUPT_ID);
                       ^~~~
                       putc
../src/main.c:24:23: note: each undeclared identifier is reported only once for each function it appears in
../src/main.c: At top level:
../src/main.c:30:33: error: unknown type name 'XScuGic'
 static int SetupInterruptSystem(XScuGic *GicInstancePtr, XGpioPs *Gpio,
                                 ^~~~~~~
make: *** [src/subdir.mk:23: src/main.o] Error 1
20:27:14 **** Auto Build of configuration Debug for project gpio_interrupt ****
make pre-build main-build 
a9-linaro-pre-build-step
 
Building file: ../src/main.c
Invoking: ARM v7 gcc compiler
arm-none-eabi-gcc -Wall -O0 -g3 -c -fmessage-length=0 -MT"src/main.o" -mcpu=cortex-a9 -mfpu=vfpv3 -mfloat-abi=hard -I../../gpio_interrupt_bsp/ps7_cortexa9_0/include -MMD -MP -MF"src/main.d" -MT"src/main.o" -o "src/main.o" "../src/main.c"
../src/main.c:11:1: error: unknown type name 'XScuGic'
 XScuGic Intc;
 ^~~~~~~
../src/main.c:12:26: error: unknown type name 'XScuGic'
 int SetupInterruptSystem(XScuGic *GicInstancePtr, XGpioPs *Gpio,u16 GpioIntrId);
                          ^~~~~~~
../src/main.c: In function 'main':
../src/main.c:24:2: warning: implicit declaration of function 'SetupInterruptSystem' [-Wimplicit-function-declaration]
  SetupInterruptSystem(Intc, Gpio, GPIO_INTERRUPT_ID);
  ^~~~~~~~~~~~~~~~~~~~
../src/main.c: At top level:
../src/main.c:30:33: error: unknown type name 'XScuGic'
 static int SetupInterruptSystem(XScuGic *GicInstancePtr, XGpioPs *Gpio,
                                 ^~~~~~~
make: *** [src/subdir.mk:23: src/main.o] Error 1
20:27:52 **** Auto Build of configuration Debug for project gpio_interrupt ****
make pre-build main-build 
a9-linaro-pre-build-step
 
Building file: ../src/main.c
Invoking: ARM v7 gcc compiler
arm-none-eabi-gcc -Wall -O0 -g3 -c -fmessage-length=0 -MT"src/main.o" -mcpu=cortex-a9 -mfpu=vfpv3 -mfloat-abi=hard -I../../gpio_interrupt_bsp/ps7_cortexa9_0/include -MMD -MP -MF"src/main.d" -MT"src/main.o" -o "src/main.o" "../src/main.c"
../src/main.c: In function 'main':
../src/main.c:25:23: error: incompatible type for argument 1 of 'SetupInterruptSystem'
  SetupInterruptSystem(Intc, Gpio, GPIO_INTERRUPT_ID);
                       ^~~~
../src/main.c:13:5: note: expected 'XScuGic * {aka struct <anonymous> *}' but argument is of type 'XScuGic {aka struct <anonymous>}'
 int SetupInterruptSystem(XScuGic *GicInstancePtr, XGpioPs *Gpio,u16 GpioIntrId);
     ^~~~~~~~~~~~~~~~~~~~
../src/main.c:25:29: error: incompatible type for argument 2 of 'SetupInterruptSystem'
  SetupInterruptSystem(Intc, Gpio, GPIO_INTERRUPT_ID);
                             ^~~~
../src/main.c:13:5: note: expected 'XGpioPs * {aka struct <anonymous> *}' but argument is of type 'XGpioPs {aka struct <anonymous>}'
 int SetupInterruptSystem(XScuGic *GicInstancePtr, XGpioPs *Gpio,u16 GpioIntrId);
     ^~~~~~~~~~~~~~~~~~~~
../src/main.c: At top level:
../src/main.c:31:12: error: static declaration of 'SetupInterruptSystem' follows non-static declaration
 static int SetupInterruptSystem(XScuGic *GicInstancePtr, XGpioPs *Gpio,
            ^~~~~~~~~~~~~~~~~~~~
../src/main.c:13:5: note: previous declaration of 'SetupInterruptSystem' was here
 int SetupInterruptSystem(XScuGic *GicInstancePtr, XGpioPs *Gpio,u16 GpioIntrId);
     ^~~~~~~~~~~~~~~~~~~~
../src/main.c: In function 'SetupInterruptSystem':
../src/main.c:44:36: error: 'INTC_DEVICE_ID' undeclared (first use in this function); did you mean 'GPIO_DEVICE_ID'?
  IntcConfig = XScuGic_LookupConfig(INTC_DEVICE_ID);
                                    ^~~~~~~~~~~~~~
                                    GPIO_DEVICE_ID
../src/main.c:44:36: note: each undeclared identifier is reported only once for each function it appears in
../src/main.c:77:28: error: 'GPIO_BANK' undeclared (first use in this function); did you mean 'XGPIOPS_BANK1'?
  XGpioPs_SetIntrType(Gpio, GPIO_BANK, 0x00, 0xFFFFFFFF, 0x00);
                            ^~~~~~~~~
                            XGPIOPS_BANK1
../src/main.c:80:49: error: 'IntrHandler' undeclared (first use in this function); did you mean 'XNullHandler'?
  XGpioPs_SetCallbackHandler(Gpio, (void *)Gpio, IntrHandler);
                                                 ^~~~~~~~~~~
                                                 XNullHandler
../src/main.c:84:44: error: 'Input_Pin' undeclared (first use in this function)
  XGpioPs_IntrEnable(Gpio, GPIO_BANK, (1 << Input_Pin));
                                            ^~~~~~~~~
At top level:
../src/main.c:31:12: warning: 'SetupInterruptSystem' defined but not used [-Wunused-function]
 static int SetupInterruptSystem(XScuGic *GicInstancePtr, XGpioPs *Gpio,
            ^~~~~~~~~~~~~~~~~~~~
make: *** [src/subdir.mk:23: src/main.o] Error 1
20:28:24 **** Auto Build of configuration Debug for project gpio_interrupt ****
make pre-build main-build 
a9-linaro-pre-build-step
 
Building file: ../src/main.c
Invoking: ARM v7 gcc compiler
arm-none-eabi-gcc -Wall -O0 -g3 -c -fmessage-length=0 -MT"src/main.o" -mcpu=cortex-a9 -mfpu=vfpv3 -mfloat-abi=hard -I../../gpio_interrupt_bsp/ps7_cortexa9_0/include -MMD -MP -MF"src/main.d" -MT"src/main.o" -o "src/main.o" "../src/main.c"
../src/main.c:31:12: error: static declaration of 'SetupInterruptSystem' follows non-static declaration
 static int SetupInterruptSystem(XScuGic *GicInstancePtr, XGpioPs *Gpio,
            ^~~~~~~~~~~~~~~~~~~~
../src/main.c:13:5: note: previous declaration of 'SetupInterruptSystem' was here
 int SetupInterruptSystem(XScuGic *GicInstancePtr, XGpioPs *Gpio,u16 GpioIntrId);
     ^~~~~~~~~~~~~~~~~~~~
../src/main.c: In function 'SetupInterruptSystem':
../src/main.c:44:36: error: 'INTC_DEVICE_ID' undeclared (first use in this function); did you mean 'GPIO_DEVICE_ID'?
  IntcConfig = XScuGic_LookupConfig(INTC_DEVICE_ID);
                                    ^~~~~~~~~~~~~~
                                    GPIO_DEVICE_ID
../src/main.c:44:36: note: each undeclared identifier is reported only once for each function it appears in
../src/main.c:77:28: error: 'GPIO_BANK' undeclared (first use in this function); did you mean 'XGPIOPS_BANK1'?
  XGpioPs_SetIntrType(Gpio, GPIO_BANK, 0x00, 0xFFFFFFFF, 0x00);
                            ^~~~~~~~~
                            XGPIOPS_BANK1
../src/main.c:80:49: error: 'IntrHandler' undeclared (first use in this function); did you mean 'XNullHandler'?
  XGpioPs_SetCallbackHandler(Gpio, (void *)Gpio, IntrHandler);
                                                 ^~~~~~~~~~~
                                                 XNullHandler
../src/main.c:84:44: error: 'Input_Pin' undeclared (first use in this function)
  XGpioPs_IntrEnable(Gpio, GPIO_BANK, (1 << Input_Pin));
                                            ^~~~~~~~~
At top level:
../src/main.c:31:12: warning: 'SetupInterruptSystem' defined but not used [-Wunused-function]
 static int SetupInterruptSystem(XScuGic *GicInstancePtr, XGpioPs *Gpio,
            ^~~~~~~~~~~~~~~~~~~~
make: *** [src/subdir.mk:23: src/main.o] Error 1
20:33:31 **** Auto Build of configuration Debug for project gpio_interrupt ****
make pre-build main-build 
a9-linaro-pre-build-step
 
Building file: ../src/main.c
Invoking: ARM v7 gcc compiler
arm-none-eabi-gcc -Wall -O0 -g3 -c -fmessage-length=0 -MT"src/main.o" -mcpu=cortex-a9 -mfpu=vfpv3 -mfloat-abi=hard -I../../gpio_interrupt_bsp/ps7_cortexa9_0/include -MMD -MP -MF"src/main.d" -MT"src/main.o" -o "src/main.o" "../src/main.c"
../src/main.c: In function 'SetupInterruptSystem':
../src/main.c:47:2: error: 'Status' undeclared (first use in this function); did you mean 'XStatus'?
  Status = XScuGic_CfgInitialize(GicInstancePtr, IntcConfig,IntcConfig->CpuBaseAddress);
  ^~~~~~
  XStatus
../src/main.c:47:2: note: each undeclared identifier is reported only once for each function it appears in
../src/main.c:70:28: error: 'GPIO_BANK' undeclared (first use in this function); did you mean 'XGPIOPS_BANK1'?
  XGpioPs_SetIntrType(Gpio, GPIO_BANK, 0x00, 0xFFFFFFFF, 0x00);
                            ^~~~~~~~~
                            XGPIOPS_BANK1
../src/main.c:73:49: error: 'IntrHandler' undeclared (first use in this function); did you mean 'XNullHandler'?
  XGpioPs_SetCallbackHandler(Gpio, (void *)Gpio, IntrHandler);
                                                 ^~~~~~~~~~~
                                                 XNullHandler
../src/main.c:77:44: error: 'Input_Pin' undeclared (first use in this function)
  XGpioPs_IntrEnable(Gpio, GPIO_BANK, (1 << Input_Pin));
                                            ^~~~~~~~~
make: *** [src/subdir.mk:23: src/main.o] Error 1
20:33:44 **** Auto Build of configuration Debug for project gpio_interrupt ****
make pre-build main-build 
a9-linaro-pre-build-step
 
Building file: ../src/main.c
Invoking: ARM v7 gcc compiler
arm-none-eabi-gcc -Wall -O0 -g3 -c -fmessage-length=0 -MT"src/main.o" -mcpu=cortex-a9 -mfpu=vfpv3 -mfloat-abi=hard -I../../gpio_interrupt_bsp/ps7_cortexa9_0/include -MMD -MP -MF"src/main.d" -MT"src/main.o" -o "src/main.o" "../src/main.c"
../src/main.c: In function 'SetupInterruptSystem':
../src/main.c:62:2: error: 'Status' undeclared (first use in this function); did you mean 'XStatus'?
  Status = XScuGic_Connect(GicInstancePtr, GpioIntrId,
  ^~~~~~
  XStatus
../src/main.c:62:2: note: each undeclared identifier is reported only once for each function it appears in
../src/main.c:70:28: error: 'GPIO_BANK' undeclared (first use in this function); did you mean 'XGPIOPS_BANK1'?
  XGpioPs_SetIntrType(Gpio, GPIO_BANK, 0x00, 0xFFFFFFFF, 0x00);
                            ^~~~~~~~~
                            XGPIOPS_BANK1
../src/main.c:73:49: error: 'IntrHandler' undeclared (first use in this function); did you mean 'XNullHandler'?
  XGpioPs_SetCallbackHandler(Gpio, (void *)Gpio, IntrHandler);
                                                 ^~~~~~~~~~~
                                                 XNullHandler
../src/main.c:77:44: error: 'Input_Pin' undeclared (first use in this function)
  XGpioPs_IntrEnable(Gpio, GPIO_BANK, (1 << Input_Pin));
                                            ^~~~~~~~~
make: *** [src/subdir.mk:23: src/main.o] Error 1
20:35:08 **** Auto Build of configuration Debug for project gpio_interrupt ****
make pre-build main-build 
a9-linaro-pre-build-step
 
Building file: ../src/main.c
Invoking: ARM v7 gcc compiler
arm-none-eabi-gcc -Wall -O0 -g3 -c -fmessage-length=0 -MT"src/main.o" -mcpu=cortex-a9 -mfpu=vfpv3 -mfloat-abi=hard -I../../gpio_interrupt_bsp/ps7_cortexa9_0/include -MMD -MP -MF"src/main.d" -MT"src/main.o" -o "src/main.o" "../src/main.c"
../src/main.c: In function 'SetupInterruptSystem':
../src/main.c:60:28: error: 'GPIO_BANK' undeclared (first use in this function); did you mean 'XGPIOPS_BANK1'?
  XGpioPs_SetIntrType(Gpio, GPIO_BANK, 0x00, 0xFFFFFFFF, 0x00);
                            ^~~~~~~~~
                            XGPIOPS_BANK1
../src/main.c:60:28: note: each undeclared identifier is reported only once for each function it appears in
../src/main.c:63:49: error: 'IntrHandler' undeclared (first use in this function); did you mean 'XNullHandler'?
  XGpioPs_SetCallbackHandler(Gpio, (void *)Gpio, IntrHandler);
                                                 ^~~~~~~~~~~
                                                 XNullHandler
../src/main.c:67:44: error: 'Input_Pin' undeclared (first use in this function)
  XGpioPs_IntrEnable(Gpio, GPIO_BANK, (1 << Input_Pin));
                                            ^~~~~~~~~
make: *** [src/subdir.mk:23: src/main.o] Error 1
20:35:47 **** Auto Build of configuration Debug for project gpio_interrupt ****
make pre-build main-build 
a9-linaro-pre-build-step
 
Building file: ../src/main.c
Invoking: ARM v7 gcc compiler
arm-none-eabi-gcc -Wall -O0 -g3 -c -fmessage-length=0 -MT"src/main.o" -mcpu=cortex-a9 -mfpu=vfpv3 -mfloat-abi=hard -I../../gpio_interrupt_bsp/ps7_cortexa9_0/include -MMD -MP -MF"src/main.d" -MT"src/main.o" -o "src/main.o" "../src/main.c"
../src/main.c: In function 'SetupInterruptSystem':
../src/main.c:64:49: error: 'IntrHandler' undeclared (first use in this function); did you mean 'XNullHandler'?
  XGpioPs_SetCallbackHandler(Gpio, (void *)Gpio, IntrHandler);
                                                 ^~~~~~~~~~~
                                                 XNullHandler
../src/main.c:64:49: note: each undeclared identifier is reported only once for each function it appears in
../src/main.c:68:44: error: 'Input_Pin' undeclared (first use in this function)
  XGpioPs_IntrEnable(Gpio, GPIO_BANK, (1 << Input_Pin));
                                            ^~~~~~~~~
make: *** [src/subdir.mk:23: src/main.o] Error 1
21:07:47 **** Auto Build of configuration Debug for project gpio_interrupt ****
make pre-build main-build 
a9-linaro-pre-build-step
 
Building file: ../src/main.c
Invoking: ARM v7 gcc compiler
arm-none-eabi-gcc -Wall -O0 -g3 -c -fmessage-length=0 -MT"src/main.o" -mcpu=cortex-a9 -mfpu=vfpv3 -mfloat-abi=hard -I../../gpio_interrupt_bsp/ps7_cortexa9_0/include -MMD -MP -MF"src/main.d" -MT"src/main.o" -o "src/main.o" "../src/main.c"
../src/main.c: In function 'SetupInterruptSystem':
../src/main.c:61:49: error: 'IntrHandler' undeclared (first use in this function); did you mean 'XNullHandler'?
  XGpioPs_SetCallbackHandler(Gpio, (void *)Gpio, IntrHandler);
                                                 ^~~~~~~~~~~
                                                 XNullHandler
../src/main.c:61:49: note: each undeclared identifier is reported only once for each function it appears in
../src/main.c:65:44: error: 'Input_Pin' undeclared (first use in this function)
  XGpioPs_IntrEnable(Gpio, GPIO_BANK, (1 << Input_Pin));
                                            ^~~~~~~~~
make: *** [src/subdir.mk:23: src/main.o] Error 1
10:12:15 **** Clean-only build of configuration Debug for project gpio_interrupt ****
make clean 
rm -rf  ./src/main.o  ./src/main.d  gpio_interrupt.elf.size  gpio_interrupt.elf
 
10:12:16 **** Auto Build of configuration Debug for project gpio_interrupt ****
make pre-build main-build 
a9-linaro-pre-build-step
 
Building file: ../src/main.c
Invoking: ARM v7 gcc compiler
arm-none-eabi-gcc -Wall -O0 -g3 -c -fmessage-length=0 -MT"src/main.o" -mcpu=cortex-a9 -mfpu=vfpv3 -mfloat-abi=hard -I../../gpio_interrupt_bsp/ps7_cortexa9_0/include -MMD -MP -MF"src/main.d" -MT"src/main.o" -o "src/main.o" "../src/main.c"
../src/main.c: In function 'SetupInterruptSystem':
../src/main.c:58:25: warning: passing argument 1 of 'XGpioPs_SetIntrTypePin' from incompatible pointer type [-Wincompatible-pointer-types]
  XGpioPs_SetIntrTypePin(&Gpio, MIO0_KEY, XGPIOPS_IRQ_TYPE_EDGE_FALLING);
                         ^
In file included from ../src/main.c:3:0:
../../gpio_interrupt_bsp/ps7_cortexa9_0/include/xgpiops.h:257:6: note: expected 'XGpioPs * {aka struct <anonymous> *}' but argument is of type 'XGpioPs ** {aka struct <anonymous> **}'
 void XGpioPs_SetIntrTypePin(XGpioPs *InstancePtr, u32 Pin, u8 IrqType);
      ^~~~~~~~~~~~~~~~~~~~~~
../src/main.c:60:49: error: 'IntrHandler' undeclared (first use in this function); did you mean 'XNullHandler'?
  XGpioPs_SetCallbackHandler(Gpio, (void *)Gpio, IntrHandler);
                                                 ^~~~~~~~~~~
                                                 XNullHandler
../src/main.c:60:49: note: each undeclared identifier is reported only once for each function it appears in
../src/main.c:64:44: error: 'Input_Pin' undeclared (first use in this function)
  XGpioPs_IntrEnable(Gpio, GPIO_BANK, (1 << Input_Pin));
                                            ^~~~~~~~~
make: *** [src/subdir.mk:23: src/main.o] Error 1
10:12:33 **** Auto Build of configuration Debug for project gpio_interrupt ****
make pre-build main-build 
a9-linaro-pre-build-step
 
Building file: ../src/main.c
Invoking: ARM v7 gcc compiler
arm-none-eabi-gcc -Wall -O0 -g3 -c -fmessage-length=0 -MT"src/main.o" -mcpu=cortex-a9 -mfpu=vfpv3 -mfloat-abi=hard -I../../gpio_interrupt_bsp/ps7_cortexa9_0/include -MMD -MP -MF"src/main.d" -MT"src/main.o" -o "src/main.o" "../src/main.c"
../src/main.c: In function 'SetupInterruptSystem':
../src/main.c:60:49: error: 'IntrHandler' undeclared (first use in this function); did you mean 'XNullHandler'?
  XGpioPs_SetCallbackHandler(Gpio, (void *)Gpio, IntrHandler);
                                                 ^~~~~~~~~~~
                                                 XNullHandler
../src/main.c:60:49: note: each undeclared identifier is reported only once for each function it appears in
../src/main.c:64:44: error: 'Input_Pin' undeclared (first use in this function)
  XGpioPs_IntrEnable(Gpio, GPIO_BANK, (1 << Input_Pin));
                                            ^~~~~~~~~
make: *** [src/subdir.mk:23: src/main.o] Error 1
10:17:04 **** Auto Build of configuration Debug for project gpio_interrupt ****
make pre-build main-build 
a9-linaro-pre-build-step
 
Building file: ../src/main.c
Invoking: ARM v7 gcc compiler
arm-none-eabi-gcc -Wall -O0 -g3 -c -fmessage-length=0 -MT"src/main.o" -mcpu=cortex-a9 -mfpu=vfpv3 -mfloat-abi=hard -I../../gpio_interrupt_bsp/ps7_cortexa9_0/include -MMD -MP -MF"src/main.d" -MT"src/main.o" -o "src/main.o" "../src/main.c"
../src/main.c: In function 'SetupInterruptSystem':
../src/main.c:55:67: error: 'IntrHandler' undeclared (first use in this function); did you mean 'XNullHandler'?
  XScuGic_Connect(GicInstancePtr, GpioIntrId,(Xil_ExceptionHandler)IntrHandler,(void *)Gpio);
                                                                   ^~~~~~~~~~~
                                                                   XNullHandler
../src/main.c:55:67: note: each undeclared identifier is reported only once for each function it appears in
../src/main.c:61:30: error: expected expression before 'u32'
  XGpioPs_IntrEnablePin(Gpio, u32 Pin);
                              ^~~
make: *** [src/subdir.mk:23: src/main.o] Error 1
10:18:23 **** Auto Build of configuration Debug for project gpio_interrupt ****
make pre-build main-build 
a9-linaro-pre-build-step
 
Building file: ../src/main.c
Invoking: ARM v7 gcc compiler
arm-none-eabi-gcc -Wall -O0 -g3 -c -fmessage-length=0 -MT"src/main.o" -mcpu=cortex-a9 -mfpu=vfpv3 -mfloat-abi=hard -I../../gpio_interrupt_bsp/ps7_cortexa9_0/include -MMD -MP -MF"src/main.d" -MT"src/main.o" -o "src/main.o" "../src/main.c"
../src/main.c: In function 'SetupInterruptSystem':
../src/main.c:55:67: error: 'IntrHandler' undeclared (first use in this function); did you mean 'XNullHandler'?
  XScuGic_Connect(GicInstancePtr, GpioIntrId,(Xil_ExceptionHandler)IntrHandler,(void *)Gpio);
                                                                   ^~~~~~~~~~~
                                                                   XNullHandler
../src/main.c:55:67: note: each undeclared identifier is reported only once for each function it appears in
make: *** [src/subdir.mk:23: src/main.o] Error 1
10:23:35 **** Auto Build of configuration Debug for project gpio_interrupt ****
make pre-build main-build 
a9-linaro-pre-build-step
 
Building file: ../src/main.c
Invoking: ARM v7 gcc compiler
arm-none-eabi-gcc -Wall -O0 -g3 -c -fmessage-length=0 -MT"src/main.o" -mcpu=cortex-a9 -mfpu=vfpv3 -mfloat-abi=hard -I../../gpio_interrupt_bsp/ps7_cortexa9_0/include -MMD -MP -MF"src/main.d" -MT"src/main.o" -o "src/main.o" "../src/main.c"
Finished building: ../src/main.c
 
Building target: gpio_interrupt.elf
Invoking: ARM v7 gcc linker
arm-none-eabi-gcc -mcpu=cortex-a9 -mfpu=vfpv3 -mfloat-abi=hard -Wl,-build-id=none -specs=Xilinx.spec -Wl,-T -Wl,../src/lscript.ld -L../../gpio_interrupt_bsp/ps7_cortexa9_0/lib -o "gpio_interrupt.elf"  ./src/main.o   -Wl,--start-group,-lxil,-lgcc,-lc,--end-group
./src/main.o: In function `SetupInterruptSystem':
D:\ZynqProject\SDK\gpio_interrupt\gpio_interrupt.sdk\gpio_interrupt\Debug/../src/main.c:55: undefined reference to `IntrHandler'
D:\ZynqProject\SDK\gpio_interrupt\gpio_interrupt.sdk\gpio_interrupt\Debug/../src/main.c:55: undefined reference to `IntrHandler'
collect2.exe: error: ld returned 1 exit status
make: *** [makefile:41: gpio_interrupt.elf] Error 1
10:24:29 **** Auto Build of configuration Debug for project gpio_interrupt ****
make pre-build main-build 
a9-linaro-pre-build-step
 
Building file: ../src/main.c
Invoking: ARM v7 gcc compiler
arm-none-eabi-gcc -Wall -O0 -g3 -c -fmessage-length=0 -MT"src/main.o" -mcpu=cortex-a9 -mfpu=vfpv3 -mfloat-abi=hard -I../../gpio_interrupt_bsp/ps7_cortexa9_0/include -MMD -MP -MF"src/main.d" -MT"src/main.o" -o "src/main.o" "../src/main.c"
Finished building: ../src/main.c
 
Building target: gpio_interrupt.elf
Invoking: ARM v7 gcc linker
arm-none-eabi-gcc -mcpu=cortex-a9 -mfpu=vfpv3 -mfloat-abi=hard -Wl,-build-id=none -specs=Xilinx.spec -Wl,-T -Wl,../src/lscript.ld -L../../gpio_interrupt_bsp/ps7_cortexa9_0/lib -o "gpio_interrupt.elf"  ./src/main.o   -Wl,--start-group,-lxil,-lgcc,-lc,--end-group
./src/main.o: In function `SetupInterruptSystem':
D:\ZynqProject\SDK\gpio_interrupt\gpio_interrupt.sdk\gpio_interrupt\Debug/../src/main.c:56: undefined reference to `IntrHandler'
D:\ZynqProject\SDK\gpio_interrupt\gpio_interrupt.sdk\gpio_interrupt\Debug/../src/main.c:56: undefined reference to `IntrHandler'
collect2.exe: error: ld returned 1 exit status
make: *** [makefile:41: gpio_interrupt.elf] Error 1
10:25:06 **** Auto Build of configuration Debug for project gpio_interrupt ****
make pre-build main-build 
a9-linaro-pre-build-step
 
Building file: ../src/main.c
Invoking: ARM v7 gcc compiler
arm-none-eabi-gcc -Wall -O0 -g3 -c -fmessage-length=0 -MT"src/main.o" -mcpu=cortex-a9 -mfpu=vfpv3 -mfloat-abi=hard -I../../gpio_interrupt_bsp/ps7_cortexa9_0/include -MMD -MP -MF"src/main.d" -MT"src/main.o" -o "src/main.o" "../src/main.c"
Finished building: ../src/main.c
 
Building target: gpio_interrupt.elf
Invoking: ARM v7 gcc linker
arm-none-eabi-gcc -mcpu=cortex-a9 -mfpu=vfpv3 -mfloat-abi=hard -Wl,-build-id=none -specs=Xilinx.spec -Wl,-T -Wl,../src/lscript.ld -L../../gpio_interrupt_bsp/ps7_cortexa9_0/lib -o "gpio_interrupt.elf"  ./src/main.o   -Wl,--start-group,-lxil,-lgcc,-lc,--end-group
./src/main.o: In function `SetupInterruptSystem':
D:\ZynqProject\SDK\gpio_interrupt\gpio_interrupt.sdk\gpio_interrupt\Debug/../src/main.c:56: undefined reference to `IntrHandler'
D:\ZynqProject\SDK\gpio_interrupt\gpio_interrupt.sdk\gpio_interrupt\Debug/../src/main.c:56: undefined reference to `IntrHandler'
collect2.exe: error: ld returned 1 exit status
make: *** [makefile:41: gpio_interrupt.elf] Error 1
10:44:06 **** Auto Build of configuration Debug for project gpio_interrupt ****
make pre-build main-build 
a9-linaro-pre-build-step
 
Building file: ../src/main.c
Invoking: ARM v7 gcc compiler
arm-none-eabi-gcc -Wall -O0 -g3 -c -fmessage-length=0 -MT"src/main.o" -mcpu=cortex-a9 -mfpu=vfpv3 -mfloat-abi=hard -I../../gpio_interrupt_bsp/ps7_cortexa9_0/include -MMD -MP -MF"src/main.d" -MT"src/main.o" -o "src/main.o" "../src/main.c"
Finished building: ../src/main.c
 
Building target: gpio_interrupt.elf
Invoking: ARM v7 gcc linker
arm-none-eabi-gcc -mcpu=cortex-a9 -mfpu=vfpv3 -mfloat-abi=hard -Wl,-build-id=none -specs=Xilinx.spec -Wl,-T -Wl,../src/lscript.ld -L../../gpio_interrupt_bsp/ps7_cortexa9_0/lib -o "gpio_interrupt.elf"  ./src/main.o   -Wl,--start-group,-lxil,-lgcc,-lc,--end-group
Finished building target: gpio_interrupt.elf
 
Invoking: ARM v7 Print Size
arm-none-eabi-size gpio_interrupt.elf  |tee "gpio_interrupt.elf.size"
   text	   data	    bss	    dec	    hex	filename
  80520	   3364	  23392	 107276	  1a30c	gpio_interrupt.elf
Finished building: gpio_interrupt.elf.size
 
10:49:01 **** Auto Build of configuration Debug for project gpio_interrupt ****
make pre-build main-build 
a9-linaro-pre-build-step
 
Building file: ../src/main.c
Invoking: ARM v7 gcc compiler
arm-none-eabi-gcc -Wall -O0 -g3 -c -fmessage-length=0 -MT"src/main.o" -mcpu=cortex-a9 -mfpu=vfpv3 -mfloat-abi=hard -I../../gpio_interrupt_bsp/ps7_cortexa9_0/include -MMD -MP -MF"src/main.d" -MT"src/main.o" -o "src/main.o" "../src/main.c"
Finished building: ../src/main.c
 
Building target: gpio_interrupt.elf
Invoking: ARM v7 gcc linker
arm-none-eabi-gcc -mcpu=cortex-a9 -mfpu=vfpv3 -mfloat-abi=hard -Wl,-build-id=none -specs=Xilinx.spec -Wl,-T -Wl,../src/lscript.ld -L../../gpio_interrupt_bsp/ps7_cortexa9_0/lib -o "gpio_interrupt.elf"  ./src/main.o   -Wl,--start-group,-lxil,-lgcc,-lc,--end-group
Finished building target: gpio_interrupt.elf
 
Invoking: ARM v7 Print Size
arm-none-eabi-size gpio_interrupt.elf  |tee "gpio_interrupt.elf.size"
   text	   data	    bss	    dec	    hex	filename
  80584	   3364	  23392	 107340	  1a34c	gpio_interrupt.elf
Finished building: gpio_interrupt.elf.size
 
10:49:11 **** Incremental Build of configuration Debug for project gpio_interrupt ****
make pre-build main-build 
a9-linaro-pre-build-step
 
make: Nothing to be done for 'main-build'.
10:49:36 **** Incremental Build of configuration Debug for project gpio_interrupt ****
make pre-build main-build 
a9-linaro-pre-build-step
 
make: Nothing to be done for 'main-build'.
10:52:20 **** Auto Build of configuration Debug for project gpio_interrupt ****
make pre-build main-build 
a9-linaro-pre-build-step
 
Building file: ../src/main.c
Invoking: ARM v7 gcc compiler
arm-none-eabi-gcc -Wall -O0 -g3 -c -fmessage-length=0 -MT"src/main.o" -mcpu=cortex-a9 -mfpu=vfpv3 -mfloat-abi=hard -I../../gpio_interrupt_bsp/ps7_cortexa9_0/include -MMD -MP -MF"src/main.d" -MT"src/main.o" -o "src/main.o" "../src/main.c"
../src/main.c: In function 'IntrHandler':
../src/main.c:75:25: error: incompatible type for argument 1 of 'XGpioPs_IntrDisablePin'
  XGpioPs_IntrDisablePin(Gpio, MIO0_KEY);
                         ^~~~
In file included from ../src/main.c:3:0:
../../gpio_interrupt_bsp/ps7_cortexa9_0/include/xgpiops.h:261:6: note: expected 'XGpioPs * {aka struct <anonymous> *}' but argument is of type 'XGpioPs {aka struct <anonymous>}'
 void XGpioPs_IntrDisablePin(XGpioPs *InstancePtr, u32 Pin);
      ^~~~~~~~~~~~~~~~~~~~~~
make: *** [src/subdir.mk:23: src/main.o] Error 1
10:52:28 **** Auto Build of configuration Debug for project gpio_interrupt ****
make pre-build main-build 
a9-linaro-pre-build-step
 
Building file: ../src/main.c
Invoking: ARM v7 gcc compiler
arm-none-eabi-gcc -Wall -O0 -g3 -c -fmessage-length=0 -MT"src/main.o" -mcpu=cortex-a9 -mfpu=vfpv3 -mfloat-abi=hard -I../../gpio_interrupt_bsp/ps7_cortexa9_0/include -MMD -MP -MF"src/main.d" -MT"src/main.o" -o "src/main.o" "../src/main.c"
Finished building: ../src/main.c
 
Building target: gpio_interrupt.elf
Invoking: ARM v7 gcc linker
arm-none-eabi-gcc -mcpu=cortex-a9 -mfpu=vfpv3 -mfloat-abi=hard -Wl,-build-id=none -specs=Xilinx.spec -Wl,-T -Wl,../src/lscript.ld -L../../gpio_interrupt_bsp/ps7_cortexa9_0/lib -o "gpio_interrupt.elf"  ./src/main.o   -Wl,--start-group,-lxil,-lgcc,-lc,--end-group
Finished building target: gpio_interrupt.elf
 
Invoking: ARM v7 Print Size
arm-none-eabi-size gpio_interrupt.elf  |tee "gpio_interrupt.elf.size"
   text	   data	    bss	    dec	    hex	filename
  80584	   3364	  23392	 107340	  1a34c	gpio_interrupt.elf
Finished building: gpio_interrupt.elf.size
 
10:52:42 **** Incremental Build of configuration Debug for project gpio_interrupt ****
make pre-build main-build 
a9-linaro-pre-build-step
 
make: Nothing to be done for 'main-build'.
10:53:02 **** Incremental Build of configuration Debug for project gpio_interrupt ****
make pre-build main-build 
a9-linaro-pre-build-step
 
make: Nothing to be done for 'main-build'.
10:58:35 **** Auto Build of configuration Debug for project gpio_interrupt ****
make pre-build main-build 
a9-linaro-pre-build-step
 
Building file: ../src/main.c
Invoking: ARM v7 gcc compiler
arm-none-eabi-gcc -Wall -O0 -g3 -c -fmessage-length=0 -MT"src/main.o" -mcpu=cortex-a9 -mfpu=vfpv3 -mfloat-abi=hard -I../../gpio_interrupt_bsp/ps7_cortexa9_0/include -MMD -MP -MF"src/main.d" -MT"src/main.o" -o "src/main.o" "../src/main.c"
Finished building: ../src/main.c
 
Building target: gpio_interrupt.elf
Invoking: ARM v7 gcc linker
arm-none-eabi-gcc -mcpu=cortex-a9 -mfpu=vfpv3 -mfloat-abi=hard -Wl,-build-id=none -specs=Xilinx.spec -Wl,-T -Wl,../src/lscript.ld -L../../gpio_interrupt_bsp/ps7_cortexa9_0/lib -o "gpio_interrupt.elf"  ./src/main.o   -Wl,--start-group,-lxil,-lgcc,-lc,--end-group
Finished building target: gpio_interrupt.elf
 
Invoking: ARM v7 Print Size
arm-none-eabi-size gpio_interrupt.elf  |tee "gpio_interrupt.elf.size"
   text	   data	    bss	    dec	    hex	filename
  80648	   3364	  23408	 107420	  1a39c	gpio_interrupt.elf
Finished building: gpio_interrupt.elf.size
 
11:00:27 **** Auto Build of configuration Debug for project gpio_interrupt ****
make pre-build main-build 
a9-linaro-pre-build-step
 
Building file: ../src/main.c
Invoking: ARM v7 gcc compiler
arm-none-eabi-gcc -Wall -O0 -g3 -c -fmessage-length=0 -MT"src/main.o" -mcpu=cortex-a9 -mfpu=vfpv3 -mfloat-abi=hard -I../../gpio_interrupt_bsp/ps7_cortexa9_0/include -MMD -MP -MF"src/main.d" -MT"src/main.o" -o "src/main.o" "../src/main.c"
Finished building: ../src/main.c
 
Building target: gpio_interrupt.elf
Invoking: ARM v7 gcc linker
arm-none-eabi-gcc -mcpu=cortex-a9 -mfpu=vfpv3 -mfloat-abi=hard -Wl,-build-id=none -specs=Xilinx.spec -Wl,-T -Wl,../src/lscript.ld -L../../gpio_interrupt_bsp/ps7_cortexa9_0/lib -o "gpio_interrupt.elf"  ./src/main.o   -Wl,--start-group,-lxil,-lgcc,-lc,--end-group
Finished building target: gpio_interrupt.elf
 
Invoking: ARM v7 Print Size
arm-none-eabi-size gpio_interrupt.elf  |tee "gpio_interrupt.elf.size"
   text	   data	    bss	    dec	    hex	filename
  80712	   3364	  23408	 107484	  1a3dc	gpio_interrupt.elf
Finished building: gpio_interrupt.elf.size
 
11:00:54 **** Auto Build of configuration Debug for project gpio_interrupt ****
make pre-build main-build 
a9-linaro-pre-build-step
 
Building file: ../src/main.c
Invoking: ARM v7 gcc compiler
arm-none-eabi-gcc -Wall -O0 -g3 -c -fmessage-length=0 -MT"src/main.o" -mcpu=cortex-a9 -mfpu=vfpv3 -mfloat-abi=hard -I../../gpio_interrupt_bsp/ps7_cortexa9_0/include -MMD -MP -MF"src/main.d" -MT"src/main.o" -o "src/main.o" "../src/main.c"
Finished building: ../src/main.c
 
Building target: gpio_interrupt.elf
Invoking: ARM v7 gcc linker
arm-none-eabi-gcc -mcpu=cortex-a9 -mfpu=vfpv3 -mfloat-abi=hard -Wl,-build-id=none -specs=Xilinx.spec -Wl,-T -Wl,../src/lscript.ld -L../../gpio_interrupt_bsp/ps7_cortexa9_0/lib -o "gpio_interrupt.elf"  ./src/main.o   -Wl,--start-group,-lxil,-lgcc,-lc,--end-group
Finished building target: gpio_interrupt.elf
 
Invoking: ARM v7 Print Size
arm-none-eabi-size gpio_interrupt.elf  |tee "gpio_interrupt.elf.size"
   text	   data	    bss	    dec	    hex	filename
  80712	   3364	  23408	 107484	  1a3dc	gpio_interrupt.elf
Finished building: gpio_interrupt.elf.size
 
11:01:03 **** Incremental Build of configuration Debug for project gpio_interrupt ****
make pre-build main-build 
a9-linaro-pre-build-step
 
make: Nothing to be done for 'main-build'.
11:03:20 **** Auto Build of configuration Debug for project gpio_interrupt ****
make pre-build main-build 
a9-linaro-pre-build-step
 
Building file: ../src/main.c
Invoking: ARM v7 gcc compiler
arm-none-eabi-gcc -Wall -O0 -g3 -c -fmessage-length=0 -MT"src/main.o" -mcpu=cortex-a9 -mfpu=vfpv3 -mfloat-abi=hard -I../../gpio_interrupt_bsp/ps7_cortexa9_0/include -MMD -MP -MF"src/main.d" -MT"src/main.o" -o "src/main.o" "../src/main.c"
../src/main.c: In function 'main':
../src/main.c:50:4: warning: implicit declaration of function 'usleep'; did you mean 'fseek'? [-Wimplicit-function-declaration]
    usleep(200000);
    ^~~~~~
    fseek
Finished building: ../src/main.c
 
Building target: gpio_interrupt.elf
Invoking: ARM v7 gcc linker
arm-none-eabi-gcc -mcpu=cortex-a9 -mfpu=vfpv3 -mfloat-abi=hard -Wl,-build-id=none -specs=Xilinx.spec -Wl,-T -Wl,../src/lscript.ld -L../../gpio_interrupt_bsp/ps7_cortexa9_0/lib -o "gpio_interrupt.elf"  ./src/main.o   -Wl,--start-group,-lxil,-lgcc,-lc,--end-group
Finished building target: gpio_interrupt.elf
 
Invoking: ARM v7 Print Size
arm-none-eabi-size gpio_interrupt.elf  |tee "gpio_interrupt.elf.size"
   text	   data	    bss	    dec	    hex	filename
  80840	   3364	  23408	 107612	  1a45c	gpio_interrupt.elf
Finished building: gpio_interrupt.elf.size
 
11:03:50 **** Auto Build of configuration Debug for project gpio_interrupt ****
make pre-build main-build 
a9-linaro-pre-build-step
 
Building file: ../src/main.c
Invoking: ARM v7 gcc compiler
arm-none-eabi-gcc -Wall -O0 -g3 -c -fmessage-length=0 -MT"src/main.o" -mcpu=cortex-a9 -mfpu=vfpv3 -mfloat-abi=hard -I../../gpio_interrupt_bsp/ps7_cortexa9_0/include -MMD -MP -MF"src/main.d" -MT"src/main.o" -o "src/main.o" "../src/main.c"
Finished building: ../src/main.c
 
Building target: gpio_interrupt.elf
Invoking: ARM v7 gcc linker
arm-none-eabi-gcc -mcpu=cortex-a9 -mfpu=vfpv3 -mfloat-abi=hard -Wl,-build-id=none -specs=Xilinx.spec -Wl,-T -Wl,../src/lscript.ld -L../../gpio_interrupt_bsp/ps7_cortexa9_0/lib -o "gpio_interrupt.elf"  ./src/main.o   -Wl,--start-group,-lxil,-lgcc,-lc,--end-group
Finished building target: gpio_interrupt.elf
 
Invoking: ARM v7 Print Size
arm-none-eabi-size gpio_interrupt.elf  |tee "gpio_interrupt.elf.size"
   text	   data	    bss	    dec	    hex	filename
  80840	   3364	  23408	 107612	  1a45c	gpio_interrupt.elf
Finished building: gpio_interrupt.elf.size
 
11:03:58 **** Incremental Build of configuration Debug for project gpio_interrupt ****
make pre-build main-build 
a9-linaro-pre-build-step
 
make: Nothing to be done for 'main-build'.
