#-----------------------------------------------------------
# Vivado v2018.3 (64-bit)
# SW Build 2405991 on Thu Dec  6 23:38:27 MST 2018
# IP Build 2404404 on Fri Dec  7 01:43:56 MST 2018
# Start of session at: Tue Dec  2 16:00:28 2025
# Process ID: 22032
# Current directory: D:/ZynqProject/SDK/uart_intr_loop
# Command line: vivado.exe -gui_launcher_event rodinguilauncherevent6912 D:\ZynqProject\SDK\uart_intr_loop\uart_intr_loop.xpr
# Log file: D:/ZynqProject/SDK/uart_intr_loop/vivado.log
# Journal file: D:/ZynqProject/SDK/uart_intr_loop\vivado.jou
#-----------------------------------------------------------
start_gui
open_project D:/ZynqProject/SDK/uart_intr_loop/uart_intr_loop.xpr
Scanning sources...
Finished scanning sources
INFO: [IP_Flow 19-234] Refreshing IP repositories
INFO: [IP_Flow 19-1704] No user IP repositories specified
INFO: [IP_Flow 19-2313] Loaded Vivado IP repository 'D:/Xilinx/Vivado/2018.3/data/ip'.
open_bd_design {D:/ZynqProject/SDK/uart_intr_loop/uart_intr_loop.srcs/sources_1/bd/design_1/design_1.bd}
Adding cell -- xilinx.com:ip:processing_system7:5.5 - processing_system7_0
Successfully read diagram <design_1> from BD file <D:/ZynqProject/SDK/uart_intr_loop/uart_intr_loop.srcs/sources_1/bd/design_1/design_1.bd>
WARNING: [IP_Flow 19-474] Invalid Parameter 'Component_Name'
update_compile_order -fileset sources_1
file mkdir D:/ZynqProject/SDK/uart_intr_loop/uart_intr_loop.sdk
write_hwdef -force  -file D:/ZynqProject/SDK/uart_intr_loop/uart_intr_loop.sdk/design_1_wrapper.hdf
launch_sdk -workspace D:/ZynqProject/SDK/uart_intr_loop/uart_intr_loop.sdk -hwspec D:/ZynqProject/SDK/uart_intr_loop/uart_intr_loop.sdk/design_1_wrapper.hdf
INFO: [Vivado 12-393] Launching SDK...
INFO: [Vivado 12-417] Running xsdk -workspace D:/ZynqProject/SDK/uart_intr_loop/uart_intr_loop.sdk -hwspec D:/ZynqProject/SDK/uart_intr_loop/uart_intr_loop.sdk/design_1_wrapper.hdf
INFO: [Vivado 12-3157] SDK launch initiated. Please check console for any further messages.
exit
INFO: [Common 17-206] Exiting Vivado at Tue Dec  2 21:36:31 2025...
