21:36:20 **** Auto Build of configuration Debug for project uart_intr_loop ****
make pre-build main-build 
a9-linaro-pre-build-step
 
Building file: ../src/main.c
Invoking: ARM v7 gcc compiler
arm-none-eabi-gcc -Wall -O0 -g3 -c -fmessage-length=0 -MT"src/main.o" -mcpu=cortex-a9 -mfpu=vfpv3 -mfloat-abi=hard -I../../uart_intr_loop_bsp/ps7_cortexa9_0/include -MMD -MP -MF"src/main.d" -MT"src/main.o" -o "src/main.o" "../src/main.c"
Finished building: ../src/main.c
 
Building target: uart_intr_loop.elf
Invoking: ARM v7 gcc linker
arm-none-eabi-gcc -mcpu=cortex-a9 -mfpu=vfpv3 -mfloat-abi=hard -Wl,-build-id=none -specs=Xilinx.spec -Wl,-T -Wl,../src/lscript.ld -L../../uart_intr_loop_bsp/ps7_cortexa9_0/lib -o "uart_intr_loop.elf"  ./src/main.o   -Wl,--start-group,-lxil,-lgcc,-lc,--end-group
Finished building target: uart_intr_loop.elf
 
Invoking: ARM v7 Print Size
arm-none-eabi-size uart_intr_loop.elf  |tee "uart_intr_loop.elf.size"
   text	   data	    bss	    dec	    hex	filename
  28672	   1968	  22696	  53336	   d058	uart_intr_loop.elf
Finished building: uart_intr_loop.elf.size
 

21:36:21 Build Finished (took 606ms)

