09:37:20 **** Build of configuration Debug for project axi_gpio_bsp_xgpio_intr_tapp_example_1 ****
make pre-build main-build 
a9-linaro-pre-build-step
 
Building file: ../src/xgpio_intr_tapp_example.c
Invoking: ARM v7 gcc compiler
arm-none-eabi-gcc -Wall -O0 -g3 -c -fmessage-length=0 -MT"src/xgpio_intr_tapp_example.o" -mcpu=cortex-a9 -mfpu=vfpv3 -mfloat-abi=hard -I../../axi_gpio_bsp/ps7_cortexa9_0/include -MMD -MP -MF"src/xgpio_intr_tapp_example.d" -MT"src/xgpio_intr_tapp_example.o" -o "src/xgpio_intr_tapp_example.o" "../src/xgpio_intr_tapp_example.c"
Finished building: ../src/xgpio_intr_tapp_example.c
 
Building target: axi_gpio_bsp_xgpio_intr_tapp_example_1.elf
Invoking: ARM v7 gcc linker
arm-none-eabi-gcc -mcpu=cortex-a9 -mfpu=vfpv3 -mfloat-abi=hard -Wl,-build-id=none -specs=Xilinx.spec -Wl,-T -Wl,../src/lscript.ld -L../../axi_gpio_bsp/ps7_cortexa9_0/lib -o "axi_gpio_bsp_xgpio_intr_tapp_example_1.elf"  ./src/xgpio_intr_tapp_example.o   -Wl,--start-group,-lxil,-lgcc,-lc,--end-group
Finished building target: axi_gpio_bsp_xgpio_intr_tapp_example_1.elf
 
Invoking: ARM v7 Print Size
arm-none-eabi-size axi_gpio_bsp_xgpio_intr_tapp_example_1.elf  |tee "axi_gpio_bsp_xgpio_intr_tapp_example_1.elf.size"
   text	   data	    bss	    dec	    hex	filename
  25632	   1936	  22616	  50184	   c408	axi_gpio_bsp_xgpio_intr_tapp_example_1.elf
Finished building: axi_gpio_bsp_xgpio_intr_tapp_example_1.elf.size
 

09:37:21 Build Finished (took 1s.402ms)

